Component: ARM Compiler 5.06 update 7 (build 960) Tool: armlink [4d3601]

==============================================================================

Section Cross References

    startup_stm32f103xb.o(STACK) refers (Special) to heapauxi.o(.text) for __use_two_region_memory
    startup_stm32f103xb.o(HEAP) refers (Special) to heapauxi.o(.text) for __use_two_region_memory
    startup_stm32f103xb.o(RESET) refers (Special) to heapauxi.o(.text) for __use_two_region_memory
    startup_stm32f103xb.o(RESET) refers to startup_stm32f103xb.o(STACK) for __initial_sp
    startup_stm32f103xb.o(RESET) refers to startup_stm32f103xb.o(.text) for Reset_Handler
    startup_stm32f103xb.o(RESET) refers to stm32f1xx_it.o(i.NMI_Handler) for NMI_Handler
    startup_stm32f103xb.o(RESET) refers to stm32f1xx_it.o(i.HardFault_Handler) for HardFault_Handler
    startup_stm32f103xb.o(RESET) refers to stm32f1xx_it.o(i.MemManage_Handler) for MemManage_Handler
    startup_stm32f103xb.o(RESET) refers to stm32f1xx_it.o(i.BusFault_Handler) for BusFault_Handler
    startup_stm32f103xb.o(RESET) refers to stm32f1xx_it.o(i.UsageFault_Handler) for UsageFault_Handler
    startup_stm32f103xb.o(RESET) refers to stm32f1xx_it.o(i.SVC_Handler) for SVC_Handler
    startup_stm32f103xb.o(RESET) refers to stm32f1xx_it.o(i.DebugMon_Handler) for DebugMon_Handler
    startup_stm32f103xb.o(RESET) refers to stm32f1xx_it.o(i.PendSV_Handler) for PendSV_Handler
    startup_stm32f103xb.o(RESET) refers to stm32f1xx_it.o(i.SysTick_Handler) for SysTick_Handler
    startup_stm32f103xb.o(RESET) refers to stm32f1xx_it.o(i.I2C1_EV_IRQHandler) for I2C1_EV_IRQHandler
    startup_stm32f103xb.o(RESET) refers to stm32f1xx_it.o(i.I2C2_EV_IRQHandler) for I2C2_EV_IRQHandler
    startup_stm32f103xb.o(RESET) refers to stm32f1xx_it.o(i.USART1_IRQHandler) for USART1_IRQHandler
    startup_stm32f103xb.o(.text) refers (Special) to heapauxi.o(.text) for __use_two_region_memory
    startup_stm32f103xb.o(.text) refers to system_stm32f1xx.o(i.SystemInit) for SystemInit
    startup_stm32f103xb.o(.text) refers to __main.o(!!!main) for __main
    startup_stm32f103xb.o(.text) refers to startup_stm32f103xb.o(HEAP) for Heap_Mem
    startup_stm32f103xb.o(.text) refers to startup_stm32f103xb.o(STACK) for Stack_Mem
    oled.o(i.HAL_I2C_MemTxCpltCallback) refers to stm32f1xx_hal_i2c.o(i.HAL_I2C_Mem_Write_IT) for HAL_I2C_Mem_Write_IT
    oled.o(i.HAL_I2C_MemTxCpltCallback) refers to oled.o(i.OLED_WR_Byte) for OLED_WR_Byte
    oled.o(i.HAL_I2C_MemTxCpltCallback) refers to oled.o(.data) for .data
    oled.o(i.HAL_I2C_MemTxCpltCallback) refers to oled.o(.bss) for .bss
    oled.o(i.HAL_I2C_MemTxCpltCallback) refers to main.o(.bss) for hi2c1
    oled.o(i.OLED_Clear) refers to oled.o(i.OLED_Set_Pos) for OLED_Set_Pos
    oled.o(i.OLED_Clear) refers to oled.o(i.OLED_WR_Byte) for OLED_WR_Byte
    oled.o(i.OLED_Display_Off) refers to oled.o(.data) for .data
    oled.o(i.OLED_Init) refers to oled.o(i.OLED_WR_Byte) for OLED_WR_Byte
    oled.o(i.OLED_Init) refers to oled.o(i.OLED_Clear) for OLED_Clear
    oled.o(i.OLED_Init) refers to oled.o(i.OLED_Set_Pos) for OLED_Set_Pos
    oled.o(i.OLED_Init) refers to oled.o(i.OLED_ShowString) for OLED_ShowString
    oled.o(i.OLED_Init) refers to oled.o(i.HAL_I2C_MemTxCpltCallback) for HAL_I2C_MemTxCpltCallback
    oled.o(i.OLED_Init) refers to main.o(.bss) for hi2c1
    oled.o(i.OLED_Set_Pos) refers to oled.o(.data) for .data
    oled.o(i.OLED_ShowString) refers to oled.o(i.OLED_Set_Pos) for OLED_Set_Pos
    oled.o(i.OLED_ShowString) refers to oled.o(i.OLED_WR_Byte) for OLED_WR_Byte
    oled.o(i.OLED_ShowString) refers to oled.o(.constdata) for .constdata
    oled.o(i.OLED_WR_Byte) refers to stm32f1xx_hal_i2c.o(i.HAL_I2C_Mem_Write) for HAL_I2C_Mem_Write
    oled.o(i.OLED_WR_Byte) refers to oled.o(.bss) for .bss
    oled.o(i.OLED_WR_Byte) refers to oled.o(.data) for .data
    oled.o(i.OLED_WR_Byte) refers to main.o(.bss) for hi2c1
    oled.o(i.OLED_drawChart) refers to f2d.o(x$fpl$f2d) for __aeabi_f2d
    oled.o(i.OLED_drawChart) refers to dmul.o(x$fpl$dmul) for __aeabi_dmul
    oled.o(i.OLED_drawChart) refers to dfixu.o(x$fpl$dfixu) for __aeabi_d2uiz
    oled.o(i.OLED_drawChart) refers to oled.o(i.max) for max
    oled.o(i.OLED_drawChart) refers to oled.o(i.min) for min
    oled.o(i.OLED_drawChart) refers to oled.o(i.OLED_Set_Pos) for OLED_Set_Pos
    oled.o(i.OLED_drawChart) refers to oled.o(i.OLED_WR_Byte) for OLED_WR_Byte
    oled.o(i.OLED_drawChart) refers to oled.o(.data) for .data
    oled.o(i.OLED_showHeart) refers to oled.o(i.OLED_Set_Pos) for OLED_Set_Pos
    oled.o(i.OLED_showHeart) refers to oled.o(i.OLED_WR_Byte) for OLED_WR_Byte
    oled.o(i.OLED_showHeart) refers to oled.o(.constdata) for .constdata
    oled.o(i.OLED_showNum) refers to oled.o(i.OLED_Set_Pos) for OLED_Set_Pos
    oled.o(i.OLED_showNum) refers to oled.o(i.OLED_WR_Byte) for OLED_WR_Byte
    oled.o(i.OLED_showNum) refers to oled.o(.constdata) for .constdata
[...]
    .ARM.Collect$$libinit$$00000004          0x0800016c   Section        0  libinit2.o(.ARM.Collect$$libinit$$00000004)
    .ARM.Collect$$libinit$$0000000A          0x0800016c   Section        0  libinit2.o(.ARM.Collect$$libinit$$0000000A)
    .ARM.Collect$$libinit$$0000000C          0x0800016c   Section        0  libinit2.o(.ARM.Collect$$libinit$$0000000C)
    .ARM.Collect$$libinit$$0000000E          0x0800016c   Section        0  libinit2.o(.ARM.Collect$$libinit$$0000000E)
    .ARM.Collect$$libinit$$00000011          0x0800016c   Section        0  libinit2.o(.ARM.Collect$$libinit$$00000011)
    .ARM.Collect$$libinit$$00000013          0x0800016c   Section        0  libinit2.o(.ARM.Collect$$libinit$$00000013)
    .ARM.Collect$$libinit$$00000015          0x0800016c   Section        0  libinit2.o(.ARM.Collect$$libinit$$00000015)
    .ARM.Collect$$libinit$$00000017          0x0800016c   Section        0  libinit2.o(.ARM.Collect$$libinit$$00000017)
    .ARM.Collect$$libinit$$00000019          0x0800016c   Section        0  libinit2.o(.ARM.Collect$$libinit$$00000019)
    .ARM.Collect$$libinit$$0000001B          0x0800016c   Section        0  libinit2.o(.ARM.Collect$$libinit$$0000001B)
    .ARM.Collect$$libinit$$0000001D          0x0800016c   Section        0  libinit2.o(.ARM.Collect$$libinit$$0000001D)
    .ARM.Collect$$libinit$$0000001F          0x0800016c   Section        0  libinit2.o(.ARM.Collect$$libinit$$0000001F)
    .ARM.Collect$$libinit$$00000021          0x0800016c   Section        0  libinit2.o(.ARM.Collect$$libinit$$00000021)
    .ARM.Collect$$libinit$$00000023          0x0800016c   Section        0  libinit2.o(.ARM.Collect$$libinit$$00000023)
    .ARM.Collect$$libinit$$00000025          0x0800016c   Section        0  libinit2.o(.ARM.Collect$$libinit$$00000025)
    .ARM.Collect$$libinit$$0000002C          0x0800016c   Section        0  libinit2.o(.ARM.Collect$$libinit$$0000002C)
    .ARM.Collect$$libinit$$0000002E          0x0800016c   Section        0  libinit2.o(.ARM.Collect$$libinit$$0000002E)
    .ARM.Collect$$libinit$$00000030          0x0800016c   Section        0  libinit2.o(.ARM.Collect$$libinit$$00000030)
    .ARM.Collect$$libinit$$00000032          0x0800016c   Section        0  libinit2.o(.ARM.Collect$$libinit$$00000032)
    .ARM.Collect$$libinit$$00000033          0x0800016c   Section        2  libinit2.o(.ARM.Collect$$libinit$$00000033)
    .ARM.Collect$$libshutdown$$00000000      0x0800016e   Section        2  libshutdown.o(.ARM.Collect$$libshutdown$$00000000)
    .ARM.Collect$$libshutdown$$00000002      0x08000170   Section        0  libshutdown2.o(.ARM.Collect$$libshutdown$$00000002)
    .ARM.Collect$$libshutdown$$00000004      0x08000170   Section        0  libshutdown2.o(.ARM.Collect$$libshutdown$$00000004)
    .ARM.Collect$$libshutdown$$00000006      0x08000170   Section        0  libshutdown2.o(.ARM.Collect$$libshutdown$$00000006)
    .ARM.Collect$$libshutdown$$00000009      0x08000170   Section        0  libshutdown2.o(.ARM.Collect$$libshutdown$$00000009)
    .ARM.Collect$$libshutdown$$0000000C      0x08000170   Section        0  libshutdown2.o(.ARM.Collect$$libshutdown$$0000000C)
    .ARM.Collect$$libshutdown$$0000000E      0x08000170   Section        0  libshutdown2.o(.ARM.Collect$$libshutdown$$0000000E)
    .ARM.Collect$$libshutdown$$00000011      0x08000170   Section        0  libshutdown2.o(.ARM.Collect$$libshutdown$$00000011)
    .ARM.Collect$$libshutdown$$00000012      0x08000170   Section        2  libshutdown2.o(.ARM.Collect$$libshutdown$$00000012)
    .ARM.Collect$$rtentry$$00000000          0x08000172   Section        0  __rtentry.o(.ARM.Collect$$rtentry$$00000000)
    .ARM.Collect$$rtentry$$00000002          0x08000172   Section        0  __rtentry2.o(.ARM.Collect$$rtentry$$00000002)
    .ARM.Collect$$rtentry$$00000004          0x08000172   Section        6  __rtentry4.o(.ARM.Collect$$rtentry$$00000004)
    .ARM.Collect$$rtentry$$00000009          0x08000178   Section        0  __rtentry2.o(.ARM.Collect$$rtentry$$00000009)
    .ARM.Collect$$rtentry$$0000000A          0x08000178   Section        4  __rtentry2.o(.ARM.Collect$$rtentry$$0000000A)
    .ARM.Collect$$rtentry$$0000000C          0x0800017c   Section        0  __rtentry2.o(.ARM.Collect$$rtentry$$0000000C)
    .ARM.Collect$$rtentry$$0000000D          0x0800017c   Section        8  __rtentry2.o(.ARM.Collect$$rtentry$$0000000D)
    .ARM.Collect$$rtexit$$00000000           0x08000184   Section        2  rtexit.o(.ARM.Collect$$rtexit$$00000000)
    .ARM.Collect$$rtexit$$00000002           0x08000186   Section        0  rtexit2.o(.ARM.Collect$$rtexit$$00000002)
    .ARM.Collect$$rtexit$$00000003           0x08000186   Section        4  rtexit2.o(.ARM.Collect$$rtexit$$00000003)
    .ARM.Collect$$rtexit$$00000004           0x0800018a   Section        6  rtexit2.o(.ARM.Collect$$rtexit$$00000004)
    .text                                    0x08000190   Section       64  startup_stm32f103xb.o(.text)
    .text                                    0x080001d0   Section        0  noretval__2sprintf.o(.text)
    .text                                    0x080001f8   Section        0  __printf.o(.text)
    .text                                    0x08000260   Section        0  _printf_dec.o(.text)
    .text                                    0x080002d8   Section       78  rt_memclr_w.o(.text)
    .text                                    0x08000328   Section      128  strcmpv7m.o(.text)
    .text                                    0x080003a8   Section        0  heapauxi.o(.text)
    .text                                    0x080003ae   Section        0  _printf_intcommon.o(.text)
    .text                                    0x08000460   Section        0  _printf_char_common.o(.text)
    _printf_input_char                       0x08000461   Thumb Code    10  _printf_char_common.o(.text)
    .text                                    0x08000490   Section        0  _sputc.o(.text)
    .text                                    0x0800049a   Section       74  sys_stackheap_outer.o(.text)
    .text                                    0x080004e4   Section        0  exit.o(.text)
    .text                                    0x080004f8   Section        8  libspace.o(.text)
    .text                                    0x08000500   Section        0  sys_exit.o(.text)
    .text                                    0x0800050c   Section        2  use_no_semi.o(.text)
    .text                                    0x0800050e   Section        0  indicate_semi.o(.text)
    i.BusFault_Handler                       0x0800050e   Section        0  stm32f1xx_it.o(i.BusFault_Handler)
    i.DebugMon_Handler                       0x08000510   Section        0  stm32f1xx_it.o(i.DebugMon_Handler)
    i.HAL_DMA_Abort                          0x08000512   Section        0  stm32f1xx_hal_dma.o(i.HAL_DMA_Abort)
    i.HAL_DMA_Abort_IT                       0x08000558   Section        0  stm32f1xx_hal_dma.o(i.HAL_DMA_Abort_IT)
    i.HAL_DMA_GetState                       0x080005f0   Section        0  stm32f1xx_hal_dma.o(i.HAL_DMA_GetState)
    i.HAL_Delay                              0x080005f8   Section        0  stm32f1xx_hal.o(i.HAL_Delay)
    i.HAL_GPIO_Init                          0x0800061c   Section        0  stm32f1xx_hal_gpio.o(i.HAL_GPIO_Init)
    i.HAL_GPIO_ReadPin                       0x080007e8   Section        0  stm32f1xx_hal_gpio.o(i.HAL_GPIO_ReadPin)
    i.HAL_GPIO_WritePin                      0x080007f2   Section        0  stm32f1xx_hal_gpio.o(i.HAL_GPIO_WritePin)
    i.HAL_GetTick                            0x080007fc   Section        0  stm32f1xx_hal.o(i.HAL_GetTick)
    i.HAL_I2C_AbortCpltCallback              0x08000808   Section        0  stm32f1xx_hal_i2c.o(i.HAL_I2C_AbortCpltCallback)
    i.HAL_I2C_AddrCallback                   0x0800080a   Section        0  stm32f1xx_hal_i2c.o(i.HAL_I2C_AddrCallback)
    i.HAL_I2C_EV_IRQHandler                  0x0800080c   Section        0  stm32f1xx_hal_i2c.o(i.HAL_I2C_EV_IRQHandler)
    i.HAL_I2C_ErrorCallback                  0x08000a3c   Section        0  stm32f1xx_hal_i2c.o(i.HAL_I2C_ErrorCallback)
    i.HAL_I2C_Init                           0x08000a40   Section        0  stm32f1xx_hal_i2c.o(i.HAL_I2C_Init)
    i.HAL_I2C_ListenCpltCallback             0x08000bc8   Section        0  stm32f1xx_hal_i2c.o(i.HAL_I2C_ListenCpltCallback)
    i.HAL_I2C_MasterRxCpltCallback           0x08000bca   Section        0  stm32f1xx_hal_i2c.o(i.HAL_I2C_MasterRxCpltCallback)
    i.HAL_I2C_MasterTxCpltCallback           0x08000bcc   Section        0  stm32f1xx_hal_i2c.o(i.HAL_I2C_MasterTxCpltCallback)
    i.HAL_I2C_MemRxCpltCallback              0x08000bce   Section        0  stm32f1xx_hal_i2c.o(i.HAL_I2C_MemRxCpltCallback)
    i.HAL_I2C_MemTxCpltCallback              0x08000bd0   Section        0  oled.o(i.HAL_I2C_MemTxCpltCallback)
    i.HAL_I2C_Mem_Read                       0x08000c90   Section        0  stm32f1xx_hal_i2c.o(i.HAL_I2C_Mem_Read)
    i.HAL_I2C_Mem_Write                      0x08000ee0   Section        0  stm32f1xx_hal_i2c.o(i.HAL_I2C_Mem_Write)
    i.HAL_I2C_Mem_Write_IT                   0x08001010   Section        0  stm32f1xx_hal_i2c.o(i.HAL_I2C_Mem_Write_IT)
    i.HAL_I2C_MspInit                        0x080010e4   Section        0  stm32f1xx_hal_msp.o(i.HAL_I2C_MspInit)
    i.HAL_I2C_SlaveRxCpltCallback            0x0800118c   Section        0  stm32f1xx_hal_i2c.o(i.HAL_I2C_SlaveRxCpltCallback)
    i.HAL_I2C_SlaveTxCpltCallback            0x0800118e   Section        0  stm32f1xx_hal_i2c.o(i.HAL_I2C_SlaveTxCpltCallback)
    i.HAL_IncTick                            0x08001190   Section        0  stm32f1xx_hal.o(i.HAL_IncTick)
    i.HAL_Init                               0x080011a0   Section        0  stm32f1xx_hal.o(i.HAL_Init)
    i.HAL_InitTick                           0x080011c4   Section        0  stm32f1xx_hal.o(i.HAL_InitTick)
    i.HAL_MspInit                            0x08001204   Section        0  stm32f1xx_hal_msp.o(i.HAL_MspInit)
    i.HAL_NVIC_EnableIRQ                     0x08001240   Section        0  stm32f1xx_hal_cortex.o(i.HAL_NVIC_EnableIRQ)
    i.HAL_NVIC_SetPriority                   0x0800125c   Section        0  stm32f1xx_hal_cortex.o(i.HAL_NVIC_SetPriority)
    i.HAL_NVIC_SetPriorityGrouping           0x0800129c   Section        0  stm32f1xx_hal_cortex.o(i.HAL_NVIC_SetPriorityGrouping)
    i.HAL_PWR_DisableWakeUpPin               0x080012c0   Section        0  stm32f1xx_hal_pwr.o(i.HAL_PWR_DisableWakeUpPin)
    i.HAL_PWR_EnableWakeUpPin                0x080012dc   Section        0  stm32f1xx_hal_pwr.o(i.HAL_PWR_EnableWakeUpPin)
    i.HAL_PWR_EnterSTANDBYMode               0x080012f8   Section        0  stm32f1xx_hal_pwr.o(i.HAL_PWR_EnterSTANDBYMode)
    i.HAL_RCC_ClockConfig                    0x08001318   Section        0  stm32f1xx_hal_rcc.o(i.HAL_RCC_ClockConfig)
    i.HAL_RCC_GetPCLK1Freq                   0x08001450   Section        0  stm32f1xx_hal_rcc.o(i.HAL_RCC_GetPCLK1Freq)
    i.HAL_RCC_GetPCLK2Freq                   0x08001470   Section        0  stm32f1xx_hal_rcc.o(i.HAL_RCC_GetPCLK2Freq)
    i.HAL_RCC_GetSysClockFreq                0x08001490   Section        0  stm32f1xx_hal_rcc.o(i.HAL_RCC_GetSysClockFreq)
    i.HAL_RCC_OscConfig                      0x080014fc   Section        0  stm32f1xx_hal_rcc.o(i.HAL_RCC_OscConfig)
    i.HAL_SYSTICK_Config                     0x08001814   Section        0  stm32f1xx_hal_cortex.o(i.HAL_SYSTICK_Config)
    i.HAL_UARTEx_RxEventCallback             0x0800183c   Section        0  stm32f1xx_hal_uart.o(i.HAL_UARTEx_RxEventCallback)
    i.HAL_UART_ErrorCallback                 0x0800183e   Section        0  stm32f1xx_hal_uart.o(i.HAL_UART_ErrorCallback)
    i.HAL_UART_IRQHandler                    0x08001840   Section        0  stm32f1xx_hal_uart.o(i.HAL_UART_IRQHandler)
    i.HAL_UART_Init                          0x08001a4c   Section        0  stm32f1xx_hal_uart.o(i.HAL_UART_Init)
    i.HAL_UART_MspInit                       0x08001ab0   Section        0  stm32f1xx_hal_msp.o(i.HAL_UART_MspInit)
    i.HAL_UART_Receive                       0x08001b30   Section        0  stm32f1xx_hal_uart.o(i.HAL_UART_Receive)
    i.HAL_UART_RxCpltCallback                0x08001bf4   Section        0  stm32f1xx_hal_uart.o(i.HAL_UART_RxCpltCallback)
    i.HAL_UART_Transmit                      0x08001bf6   Section        0  stm32f1xx_hal_uart.o(i.HAL_UART_Transmit)
    i.HAL_UART_TxCpltCallback                0x08001ca6   Section        0  stm32f1xx_hal_uart.o(i.HAL_UART_TxCpltCallback)
    i.HardFault_Handler                      0x08001ca8   Section        0  stm32f1xx_it.o(i.HardFault_Handler)
    i.I2C1_EV_IRQHandler                     0x08001cac   Section        0  stm32f1xx_it.o(i.I2C1_EV_IRQHandler)
    i.I2C2_EV_IRQHandler                     0x08001cb8   Section        0  stm32f1xx_it.o(i.I2C2_EV_IRQHandler)
    i.I2C_DMAAbort                           0x08001cc4   Section        0  stm32f1xx_hal_i2c.o(i.I2C_DMAAbort)
    I2C_DMAAbort                             0x08001cc5   Thumb Code   180  stm32f1xx_hal_i2c.o(i.I2C_DMAAbort)
    i.I2C_ITError                            0x08001d7c   Section        0  stm32f1xx_hal_i2c.o(i.I2C_ITError)
    I2C_ITError                              0x08001d7d   Thumb Code   336  stm32f1xx_hal_i2c.o(i.I2C_ITError)
    i.I2C_IsAcknowledgeFailed                0x08001ed4   Section        0  stm32f1xx_hal_i2c.o(i.I2C_IsAcknowledgeFailed)
    I2C_IsAcknowledgeFailed                  0x08001ed5   Thumb Code    46  stm32f1xx_hal_i2c.o(i.I2C_IsAcknowledgeFailed)
    i.I2C_MasterReceive_BTF                  0x08001f02   Section        0  stm32f1xx_hal_i2c.o(i.I2C_MasterReceive_BTF)
    I2C_MasterReceive_BTF                    0x08001f03   Thumb Code   210  stm32f1xx_hal_i2c.o(i.I2C_MasterReceive_BTF)
    i.I2C_MasterReceive_RXNE                 0x08001fd4   Section        0  stm32f1xx_hal_i2c.o(i.I2C_MasterReceive_RXNE)
    I2C_MasterReceive_RXNE                   0x08001fd5   Thumb Code   228  stm32f1xx_hal_i2c.o(i.I2C_MasterReceive_RXNE)
    i.I2C_MasterTransmit_BTF                 0x080020bc   Section        0  stm32f1xx_hal_i2c.o(i.I2C_MasterTransmit_BTF)
    I2C_MasterTransmit_BTF                   0x080020bd   Thumb Code   128  stm32f1xx_hal_i2c.o(i.I2C_MasterTransmit_BTF)
    i.I2C_MasterTransmit_TXE                 0x0800213c   Section        0  stm32f1xx_hal_i2c.o(i.I2C_MasterTransmit_TXE)
    I2C_MasterTransmit_TXE                   0x0800213d   Thumb Code   178  stm32f1xx_hal_i2c.o(i.I2C_MasterTransmit_TXE)
    i.I2C_Master_ADDR                        0x080021f0   Section        0  stm32f1xx_hal_i2c.o(i.I2C_Master_ADDR)
    I2C_Master_ADDR                          0x080021f1   Thumb Code   340  stm32f1xx_hal_i2c.o(i.I2C_Master_ADDR)
    i.I2C_Master_SB                          0x08002348   Section        0  stm32f1xx_hal_i2c.o(i.I2C_Master_SB)
    I2C_Master_SB                            0x08002349   Thumb Code   138  stm32f1xx_hal_i2c.o(i.I2C_Master_SB)
    i.I2C_MemoryTransmit_TXE_BTF             0x080023d2   Section        0  stm32f1xx_hal_i2c.o(i.I2C_MemoryTransmit_TXE_BTF)
    I2C_MemoryTransmit_TXE_BTF               0x080023d3   Thumb Code   160  stm32f1xx_hal_i2c.o(i.I2C_MemoryTransmit_TXE_BTF)
    i.I2C_RequestMemoryRead                  0x08002474   Section        0  stm32f1xx_hal_i2c.o(i.I2C_RequestMemoryRead)
    I2C_RequestMemoryRead                    0x08002475   Thumb Code   246  stm32f1xx_hal_i2c.o(i.I2C_RequestMemoryRead)
    i.I2C_RequestMemoryWrite                 0x08002570   Section        0  stm32f1xx_hal_i2c.o(i.I2C_RequestMemoryWrite)
    I2C_RequestMemoryWrite                   0x08002571   Thumb Code   162  stm32f1xx_hal_i2c.o(i.I2C_RequestMemoryWrite)
    i.I2C_Slave_ADDR                         0x08002618   Section        0  stm32f1xx_hal_i2c.o(i.I2C_Slave_ADDR)
    I2C_Slave_ADDR                           0x08002619   Thumb Code    70  stm32f1xx_hal_i2c.o(i.I2C_Slave_ADDR)
    i.I2C_Slave_STOPF                        0x08002660   Section        0  stm32f1xx_hal_i2c.o(i.I2C_Slave_STOPF)
    I2C_Slave_STOPF                          0x08002661   Thumb Code   338  stm32f1xx_hal_i2c.o(i.I2C_Slave_STOPF)
    i.I2C_WaitOnBTFFlagUntilTimeout          0x080027bc   Section        0  stm32f1xx_hal_i2c.o(i.I2C_WaitOnBTFFlagUntilTimeout)
    I2C_WaitOnBTFFlagUntilTimeout            0x080027bd   Thumb Code    76  stm32f1xx_hal_i2c.o(i.I2C_WaitOnBTFFlagUntilTimeout)
    i.I2C_WaitOnFlagUntilTimeout             0x08002808   Section        0  stm32f1xx_hal_i2c.o(i.I2C_WaitOnFlagUntilTimeout)
    I2C_WaitOnFlagUntilTimeout               0x08002809   Thumb Code   104  stm32f1xx_hal_i2c.o(i.I2C_WaitOnFlagUntilTimeout)
    i.I2C_WaitOnMasterAddressFlagUntilTimeout 0x08002870   Section        0  stm32f1xx_hal_i2c.o(i.I2C_WaitOnMasterAddressFlagUntilTimeout)
    I2C_WaitOnMasterAddressFlagUntilTimeout  0x08002871   Thumb Code   152  stm32f1xx_hal_i2c.o(i.I2C_WaitOnMasterAddressFlagUntilTimeout)
    i.I2C_WaitOnRXNEFlagUntilTimeout         0x08002908   Section        0  stm32f1xx_hal_i2c.o(i.I2C_WaitOnRXNEFlagUntilTimeout)
    I2C_WaitOnRXNEFlagUntilTimeout           0x08002909   Thumb Code   106  stm32f1xx_hal_i2c.o(i.I2C_WaitOnRXNEFlagUntilTimeout)
    i.I2C_WaitOnTXEFlagUntilTimeout          0x08002972   Section        0  stm32f1xx_hal_i2c.o(i.I2C_WaitOnTXEFlagUntilTimeout)
    I2C_WaitOnTXEFlagUntilTimeout            0x08002973   Thumb Code    76  stm32f1xx_hal_i2c.o(i.I2C_WaitOnTXEFlagUntilTimeout)
    i.MX_GPIO_Init                           0x080029c0   Section        0  main.o(i.MX_GPIO_Init)
    MX_GPIO_Init                             0x080029c1   Thumb Code   132  main.o(i.MX_GPIO_Init)
    i.MemManage_Handler                      0x08002a50   Section        0  stm32f1xx_it.o(i.MemManage_Handler)
    i.NMI_Handler                            0x08002a52   Section        0  stm32f1xx_it.o(i.NMI_Handler)
    i.OLED_Clear                             0x08002a54   Section        0  oled.o(i.OLED_Clear)
    i.OLED_Display_Off                       0x08002a7c   Section        0  oled.o(i.OLED_Display_Off)
    i.OLED_Init                              0x08002a88   Section        0  oled.o(i.OLED_Init)
    i.OLED_Set_Pos                           0x08002c0c   Section        0  oled.o(i.OLED_Set_Pos)
    i.OLED_ShowString                        0x08002c18   Section        0  oled.o(i.OLED_ShowString)
    i.OLED_WR_Byte                           0x08002c70   Section        0  oled.o(i.OLED_WR_Byte)
    i.OLED_drawChart                         0x08002cb4   Section        0  oled.o(i.OLED_drawChart)
    i.OLED_showNum                           0x08002da0   Section        0  oled.o(i.OLED_showNum)
    i.PendSV_Handler                         0x08002e68   Section        0  stm32f1xx_it.o(i.PendSV_Handler)
    i.SVC_Handler                            0x08002e6a   Section        0  stm32f1xx_it.o(i.SVC_Handler)
    i.SysTick_Handler                        0x08002e6c   Section        0  stm32f1xx_it.o(i.SysTick_Handler)
    i.SystemClock_Config                     0x08002e70   Section        0  main.o(i.SystemClock_Config)
    i.SystemInit                             0x08002eca   Section        0  system_stm32f1xx.o(i.SystemInit)
    i.UART_DMAAbortOnError                   0x08002ecc   Section        0  stm32f1xx_hal_uart.o(i.UART_DMAAbortOnError)
    UART_DMAAbortOnError                     0x08002ecd   Thumb Code    16  stm32f1xx_hal_uart.o(i.UART_DMAAbortOnError)
    i.UART_EndRxTransfer                     0x08002edc   Section        0  stm32f1xx_hal_uart.o(i.UART_EndRxTransfer)
    UART_EndRxTransfer                       0x08002edd   Thumb Code    48  stm32f1xx_hal_uart.o(i.UART_EndRxTransfer)
    i.UART_Receive_IT                        0x08002f0c   Section        0  stm32f1xx_hal_uart.o(i.UART_Receive_IT)
    UART_Receive_IT                          0x08002f0d   Thumb Code   182  stm32f1xx_hal_uart.o(i.UART_Receive_IT)
    i.UART_SetConfig                         0x08002fc4   Section        0  stm32f1xx_hal_uart.o(i.UART_SetConfig)
    UART_SetConfig                           0x08002fc5   Thumb Code   178  stm32f1xx_hal_uart.o(i.UART_SetConfig)
    i.UART_WaitOnFlagUntilTimeout            0x0800307c   Section        0  stm32f1xx_hal_uart.o(i.UART_WaitOnFlagUntilTimeout)
    UART_WaitOnFlagUntilTimeout              0x0800307d   Thumb Code    98  stm32f1xx_hal_uart.o(i.UART_WaitOnFlagUntilTimeout)
    i.USART1_IRQHandler                      0x080030e0   Section        0  stm32f1xx_it.o(i.USART1_IRQHandler)
    i.UsageFault_Handler                     0x080030ec   Section        0  stm32f1xx_it.o(i.UsageFault_Handler)
    i.__NVIC_SetPriority                     0x080030ee   Section        0  stm32f1xx_hal_cortex.o(i.__NVIC_SetPriority)
    __NVIC_SetPriority                       0x080030ef   Thumb Code    32  stm32f1xx_hal_cortex.o(i.__NVIC_SetPriority)
    i.buffInsert                             0x08003110   Section        0  max30102.o(i.buffInsert)
    i.calAcDc                                0x08003138   Section        0  max30102.o(i.calAcDc)
    i.filter                                 0x0800319c   Section        0  max30102.o(i.filter)
    i.main                                   0x080031d4   Section        0  main.o(i.main)
    i.max                                    0x08003418   Section        0  oled.o(i.max)
    i.max30102_OFF                           0x08003420   Section        0  max30102.o(i.max30102_OFF)
    i.max30102_cal                           0x08003464   Section        0  max30102.o(i.max30102_cal)
    i.max30102_getDiff                       0x080035d4   Section        0  max30102.o(i.max30102_getDiff)
    i.max30102_getFIFO                       0x080035e0   Section        0  max30102.o(i.max30102_getFIFO)
    i.max30102_getHeartRate                  0x08003658   Section        0  max30102.o(i.max30102_getHeartRate)
    i.max30102_getSpO2                       0x08003664   Section        0  max30102.o(i.max30102_getSpO2)
    i.max30102_getStatus                     0x08003670   Section        0  max30102.o(i.max30102_getStatus)
    i.max30102_getUnreadSampleCount          0x080036b8   Section        0  max30102.o(i.max30102_getUnreadSampleCount)
    i.max30102_init                          0x08003708   Section        0  max30102.o(i.max30102_init)
    i.min                                    0x08003810   Section        0  oled.o(i.min)
    i.shutdown                               0x08003818   Section        0  main.o(i.shutdown)
    x$fpl$d2f                                0x08003850   Section       98  d2f.o(x$fpl$d2f)
    x$fpl$dadd                               0x080038b4   Section      336  daddsub_clz.o(x$fpl$dadd)
    _dadd1                                   0x080038c5   Thumb Code     0  daddsub_clz.o(x$fpl$dadd)
    x$fpl$dcheck1                            0x08003a04   Section       16  dcheck1.o(x$fpl$dcheck1)
    x$fpl$ddiv                               0x08003a14   Section      688  ddiv.o(x$fpl$ddiv)
    ddiv_entry                               0x08003a1b   Thumb Code     0  ddiv.o(x$fpl$ddiv)
    x$fpl$dfixu                              0x08003cc4   Section       90  dfixu.o(x$fpl$dfixu)
    x$fpl$dfltu                              0x08003d1e   Section       38  dflt_clz.o(x$fpl$dfltu)
    x$fpl$dmul                               0x08003d44   Section      340  dmul.o(x$fpl$dmul)
    x$fpl$dnaninf                            0x08003e98   Section      156  dnaninf.o(x$fpl$dnaninf)
    x$fpl$dretinf                            0x08003f34   Section       12  dretinf.o(x$fpl$dretinf)
    x$fpl$drsb                               0x08003f40   Section       22  daddsub_clz.o(x$fpl$drsb)
    x$fpl$dsub                               0x08003f58   Section      468  daddsub_clz.o(x$fpl$dsub)
    _dsub1                                   0x08003f69   Thumb Code     0  daddsub_clz.o(x$fpl$dsub)
    x$fpl$f2d                                0x0800412c   Section       86  f2d.o(x$fpl$f2d)
    x$fpl$fadd                               0x08004184   Section      196  faddsub_clz.o(x$fpl$fadd)
    _fadd1                                   0x08004193   Thumb Code     0  faddsub_clz.o(x$fpl$fadd)
    x$fpl$fdiv                               0x08004248   Section      388  fdiv.o(x$fpl$fdiv)
    _fdiv1                                   0x08004249   Thumb Code     0  fdiv.o(x$fpl$fdiv)
    x$fpl$ffixu                              0x080043cc   Section       62  ffixu.o(x$fpl$ffixu)
    x$fpl$fflt                               0x0800440c   Section       48  fflt_clz.o(x$fpl$fflt)
    x$fpl$ffltu                              0x0800443c   Section       38  fflt_clz.o(x$fpl$ffltu)
    x$fpl$fmul                               0x08004464   Section      258  fmul.o(x$fpl$fmul)
    x$fpl$fnaninf                            0x08004566   Section      140  fnaninf.o(x$fpl$fnaninf)
    x$fpl$fretinf                            0x080045f2   Section       10  fretinf.o(x$fpl$fretinf)
    x$fpl$frsb                               0x080045fc   Section       20  faddsub_clz.o(x$fpl$frsb)
    x$fpl$fsub                               0x08004610   Section      234  faddsub_clz.o(x$fpl$fsub)
    _fsub1                                   0x0800461f   Thumb Code     0  faddsub_clz.o(x$fpl$fsub)
    x$fpl$retnan                             0x080046fa   Section      100  retnan.o(x$fpl$retnan)
    x$fpl$scalbn                             0x0800475e   Section       92  scalbn.o(x$fpl$scalbn)
    x$fpl$trapveneer                         0x080047ba   Section       48  trapv.o(x$fpl$trapveneer)
    .constdata                               0x080047ea   Section      634  oled.o(.constdata)
    x$fpl$usenofp                            0x080047ea   Section        0  usenofp.o(x$fpl$usenofp)
    .constdata                               0x08004a64   Section       16  system_stm32f1xx.o(.constdata)
    .constdata                               0x08004a74   Section        8  system_stm32f1xx.o(.constdata)
    .data                                    0x20000000   Section        7  oled.o(.data)
    y                                        0x20000005   Data           1  oled.o(.data)
    dat                                      0x20000006   Data           1  oled.o(.data)
    .data                                    0x20000008   Section        8  main.o(.data)
    .data                                    0x20000010   Section       24  max30102.o(.data)
    eachBeatSampleCount                      0x20000012   Data           1  max30102.o(.data)
    last_iRed                                0x20000024   Data           4  max30102.o(.data)
    .data                                    0x20000028   Section       12  stm32f1xx_hal.o(.data)
    .data                                    0x20000034   Section        4  system_stm32f1xx.o(.data)
    .bss                                     0x20000038   Section     1024  oled.o(.bss)
    .bss                                     0x20000438   Section      236  main.o(.bss)
    .bss                                     0x20000524   Section      412  max30102.o(.bss)
    lastTenBeatSampleCount                   0x20000524   Data          10  max30102.o(.bss)
    .bss                                     0x200006c0   Section       96  libspace.o(.bss)
    HEAP                                     0x20000720   Section      512  startup_stm32f103xb.o(HEAP)
    Heap_Mem                                 0x20000720   Data         512  startup_stm32f103xb.o(HEAP)
    STACK                                    0x20000920   Section     1024  startup_stm32f103xb.o(STACK)
    Stack_Mem                                0x20000920   Data        1024  startup_stm32f103xb.o(STACK)
    __initial_sp                             0x20000d20   Data           0  startup_stm32f103xb.o(STACK)

    Global Symbols

    Symbol Name                              Value     Ov Type        Size  Object(Section)

    BuildAttributes$$THM_ISAv4$P$D$K$B$S$PE$A:L22UL41UL21$X:L11$S22US41US21$IEEE1$IW$USESV6$~STKCKD$USESV7$~SHL$OSPACE$ROPI$EBA8$UX$STANDARDLIB$REQ8$PRES8$EABIv2 0x00000000   Number         0  anon$$obj.o ABSOLUTE
    __ARM_use_no_argv                        0x00000000   Number         0  main.o ABSOLUTE
    __ARM_exceptions_init                     - Undefined Weak Reference
    __alloca_initialize                       - Undefined Weak Reference
    __arm_fini_                               - Undefined Weak Reference
    __arm_preinit_                            - Undefined Weak Reference
    __cpp_initialize__aeabi_                  - Undefined Weak Reference
    __cxa_finalize                            - Undefined Weak Reference
    __rt_locale                               - Undefined Weak Reference
    __sigvec_lookup                           - Undefined Weak Reference
    _atexit_init                              - Undefined Weak Reference
    _call_atexit_fns                          - Undefined Weak Reference
    _clock_init                               - Undefined Weak Reference
    _fp_trap_init                             - Undefined Weak Reference
    _fp_trap_shutdown                         - Undefined Weak Reference
    _get_lc_collate                           - Undefined Weak Reference
    _get_lc_ctype                             - Undefined Weak Reference
    _get_lc_monetary                          - Undefined Weak Reference
    _get_lc_numeric                           - Undefined Weak Reference
    _get_lc_time                              - Undefined Weak Reference
    _getenv_init                              - Undefined Weak Reference
    _handle_redirection                       - Undefined Weak Reference
    _init_alloc                               - Undefined Weak Reference
    _init_user_alloc                          - Undefined Weak Reference
    _initio                                   - Undefined Weak Reference
    _printf_post_padding                      - Undefined Weak Reference
    _printf_pre_padding                       - Undefined Weak Reference
    _printf_truncate_signed                   - Undefined Weak Reference
    _printf_truncate_unsigned                 - Undefined Weak Reference
    _rand_init                                - Undefined Weak Reference
    _signal_finish                            - Undefined Weak Reference
    _signal_init                              - Undefined Weak Reference
    _terminate_alloc                          - Undefined Weak Reference
    _terminate_user_alloc                     - Undefined Weak Reference
    _terminateio                              - Undefined Weak Reference
    __Vectors_Size                           0x000000ec   Number         0  startup_stm32f103xb.o ABSOLUTE
    __Vectors                                0x08000000   Data           4  startup_stm32f103xb.o(RESET)
    __Vectors_End                            0x080000ec   Data           0  startup_stm32f103xb.o(RESET)
    __main                                   0x080000ed   Thumb Code     8  __main.o(!!!main)
    __scatterload                            0x080000f5   Thumb Code     0  __scatter.o(!!!scatter)
    __scatterload_rt2                        0x080000f5   Thumb Code    44  __scatter.o(!!!scatter)
    __scatterload_rt2_thumb_only             0x080000f5   Thumb Code     0  __scatter.o(!!!scatter)
    __scatterload_null                       0x08000103   Thumb Code     0  __scatter.o(!!!scatter)
    __scatterload_copy                       0x08000129   Thumb Code    26  __scatter_copy.o(!!handler_copy)
    __scatterload_zeroinit                   0x08000145   Thumb Code    28  __scatter_zi.o(!!handler_zi)
    _printf_percent                          0x08000161   Thumb Code     0  _printf_percent.o(.ARM.Collect$$_printf_percent$$00000000)
    _printf_u                                0x08000161   Thumb Code     0  _printf_u.o(.ARM.Collect$$_printf_percent$$0000000A)
    _printf_percent_end                      0x08000167   Thumb Code     0  _printf_percent_end.o(.ARM.Collect$$_printf_percent$$00000017)
    __rt_lib_init                            0x0800016b   Thumb Code     0  libinit.o(.ARM.Collect$$libinit$$00000000)
    __rt_lib_init_alloca_1                   0x0800016d   Thumb Code     0  libinit2.o(.ARM.Collect$$libinit$$0000002E)
    __rt_lib_init_argv_1                     0x0800016d   Thumb Code     0  libinit2.o(.ARM.Collect$$libinit$$0000002C)
    __rt_lib_init_atexit_1                   0x0800016d   Thumb Code     0  libinit2.o(.ARM.Collect$$libinit$$0000001B)
    __rt_lib_init_clock_1                    0x0800016d   Thumb Code     0  libinit2.o(.ARM.Collect$$libinit$$00000021)
    __rt_lib_init_cpp_1                      0x0800016d   Thumb Code     0  libinit2.o(.ARM.Collect$$libinit$$00000032)
    __rt_lib_init_exceptions_1               0x0800016d   Thumb Code     0  libinit2.o(.ARM.Collect$$libinit$$00000030)
    __rt_lib_init_fp_1                       0x0800016d   Thumb Code     0  libinit2.o(.ARM.Collect$$libinit$$00000002)
    __rt_lib_init_fp_trap_1                  0x0800016d   Thumb Code     0  libinit2.o(.ARM.Collect$$libinit$$0000001F)
    __rt_lib_init_getenv_1                   0x0800016d   Thumb Code     0  libinit2.o(.ARM.Collect$$libinit$$00000023)
    __rt_lib_init_heap_1                     0x0800016d   Thumb Code     0  libinit2.o(.ARM.Collect$$libinit$$0000000A)
    __rt_lib_init_lc_collate_1               0x0800016d   Thumb Code     0  libinit2.o(.ARM.Collect$$libinit$$00000011)
    __rt_lib_init_lc_ctype_1                 0x0800016d   Thumb Code     0  libinit2.o(.ARM.Collect$$libinit$$00000013)
    __rt_lib_init_lc_monetary_1              0x0800016d   Thumb Code     0  libinit2.o(.ARM.Collect$$libinit$$00000015)
    __rt_lib_init_lc_numeric_1               0x0800016d   Thumb Code     0  libinit2.o(.ARM.Collect$$libinit$$00000017)
    __rt_lib_init_lc_time_1                  0x0800016d   Thumb Code     0  libinit2.o(.ARM.Collect$$libinit$$00000019)
    __rt_lib_init_preinit_1                  0x0800016d   Thumb Code     0  libinit2.o(.ARM.Collect$$libinit$$00000004)
    __rt_lib_init_rand_1                     0x0800016d   Thumb Code     0  libinit2.o(.ARM.Collect$$libinit$$0000000E)
    __rt_lib_init_return                     0x0800016d   Thumb Code     0  libinit2.o(.ARM.Collect$$libinit$$00000033)
    __rt_lib_init_signal_1                   0x0800016d   Thumb Code     0  libinit2.o(.ARM.Collect$$libinit$$0000001D)
    __rt_lib_init_stdio_1                    0x0800016d   Thumb Code     0  libinit2.o(.ARM.Collect$$libinit$$00000025)
    __rt_lib_init_user_alloc_1               0x0800016d   Thumb Code     0  libinit2.o(.ARM.Collect$$libinit$$0000000C)
    __rt_lib_shutdown                        0x0800016f   Thumb Code     0  libshutdown.o(.ARM.Collect$$libshutdown$$00000000)
    __rt_lib_shutdown_cpp_1                  0x08000171   Thumb Code     0  libshutdown2.o(.ARM.Collect$$libshutdown$$00000004)
    __rt_lib_shutdown_fini_1                 0x08000171   Thumb Code     0  libshutdown2.o(.ARM.Collect$$libshutdown$$00000002)
    __rt_lib_shutdown_fp_trap_1              0x08000171   Thumb Code     0  libshutdown2.o(.ARM.Collect$$libshutdown$$00000009)
    __rt_lib_shutdown_heap_1                 0x08000171   Thumb Code     0  libshutdown2.o(.ARM.Collect$$libshutdown$$00000011)
    __rt_lib_shutdown_return                 0x08000171   Thumb Code     0  libshutdown2.o(.ARM.Collect$$libshutdown$$00000012)
    __rt_lib_shutdown_signal_1               0x08000171   Thumb Code     0  libshutdown2.o(.ARM.Collect$$libshutdown$$0000000C)
    __rt_lib_shutdown_stdio_1                0x08000171   Thumb Code     0  libshutdown2.o(.ARM.Collect$$libshutdown$$00000006)
    __rt_lib_shutdown_user_alloc_1           0x08000171   Thumb Code     0  libshutdown2.o(.ARM.Collect$$libshutdown$$0000000E)
    __rt_entry                               0x08000173   Thumb Code     0  __rtentry.o(.ARM.Collect$$rtentry$$00000000)
    __rt_entry_presh_1                       0x08000173   Thumb Code     0  __rtentry2.o(.ARM.Collect$$rtentry$$00000002)
    __rt_entry_sh                            0x08000173   Thumb Code     0  __rtentry4.o(.ARM.Collect$$rtentry$$00000004)
    __rt_entry_li                            0x08000179   Thumb Code     0  __rtentry2.o(.ARM.Collect$$rtentry$$0000000A)
    __rt_entry_postsh_1                      0x08000179   Thumb Code     0  __rtentry2.o(.ARM.Collect$$rtentry$$00000009)
    __rt_entry_main                          0x0800017d   Thumb Code     0  __rtentry2.o(.ARM.Collect$$rtentry$$0000000D)
    __rt_entry_postli_1                      0x0800017d   Thumb Code     0  __rtentry2.o(.ARM.Collect$$rtentry$$0000000C)
    __rt_exit                                0x08000185   Thumb Code     0  rtexit.o(.ARM.Collect$$rtexit$$00000000)
    __rt_exit_ls                             0x08000187   Thumb Code     0  rtexit2.o(.ARM.Collect$$rtexit$$00000003)
    __rt_exit_prels_1                        0x08000187   Thumb Code     0  rtexit2.o(.ARM.Collect$$rtexit$$00000002)
    __rt_exit_exit                           0x0800018b   Thumb Code     0  rtexit2.o(.ARM.Collect$$rtexit$$00000004)
    Reset_Handler                            0x08000191   Thumb Code     8  startup_stm32f103xb.o(.text)
    ADC1_2_IRQHandler                        0x080001ab   Thumb Code     0  startup_stm32f103xb.o(.text)
    CAN1_RX1_IRQHandler                      0x080001ab   Thumb Code     0  startup_stm32f103xb.o(.text)
    CAN1_SCE_IRQHandler                      0x080001ab   Thumb Code     0  startup_stm32f103xb.o(.text)
    DMA1_Channel1_IRQHandler                 0x080001ab   Thumb Code     0  startup_stm32f103xb.o(.text)
    DMA1_Channel2_IRQHandler                 0x080001ab   Thumb Code     0  startup_stm32f103xb.o(.text)
    DMA1_Channel3_IRQHandler                 0x080001ab   Thumb Code     0  startup_stm32f103xb.o(.text)
    DMA1_Channel4_IRQHandler                 0x080001ab   Thumb Code     0  startup_stm32f103xb.o(.text)
    DMA1_Channel5_IRQHandler                 0x080001ab   Thumb Code     0  startup_stm32f103xb.o(.text)
    DMA1_Channel6_IRQHandler                 0x080001ab   Thumb Code     0  startup_stm32f103xb.o(.text)
    DMA1_Channel7_IRQHandler                 0x080001ab   Thumb Code     0  startup_stm32f103xb.o(.text)
    EXTI0_IRQHandler                         0x080001ab   Thumb Code     0  startup_stm32f103xb.o(.text)
    EXTI15_10_IRQHandler                     0x080001ab   Thumb Code     0  startup_stm32f103xb.o(.text)
    EXTI1_IRQHandler                         0x080001ab   Thumb Code     0  startup_stm32f103xb.o(.text)
    EXTI2_IRQHandler                         0x080001ab   Thumb Code     0  startup_stm32f103xb.o(.text)
    EXTI3_IRQHandler                         0x080001ab   Thumb Code     0  startup_stm32f103xb.o(.text)
    EXTI4_IRQHandler                         0x080001ab   Thumb Code     0  startup_stm32f103xb.o(.text)
    EXTI9_5_IRQHandler                       0x080001ab   Thumb Code     0  startup_stm32f103xb.o(.text)
    FLASH_IRQHandler                         0x080001ab   Thumb Code     0  startup_stm32f103xb.o(.text)
    I2C1_ER_IRQHandler                       0x080001ab   Thumb Code     0  startup_stm32f103xb.o(.text)
    I2C2_ER_IRQHandler                       0x080001ab   Thumb Code     0  startup_stm32f103xb.o(.text)
    PVD_IRQHandler                           0x080001ab   Thumb Code     0  startup_stm32f103xb.o(.text)
    RCC_IRQHandler                           0x080001ab   Thumb Code     0  startup_stm32f103xb.o(.text)
    RTC_Alarm_IRQHandler                     0x080001ab   Thumb Code     0  startup_stm32f103xb.o(.text)
    RTC_IRQHandler                           0x080001ab   Thumb Code     0  startup_stm32f103xb.o(.text)
    SPI1_IRQHandler                          0x080001ab   Thumb Code     0  startup_stm32f103xb.o(.text)
    SPI2_IRQHandler                          0x080001ab   Thumb Code     0  startup_stm32f103xb.o(.text)
    TAMPER_IRQHandler                        0x080001ab   Thumb Code     0  startup_stm32f103xb.o(.text)
    TIM1_BRK_IRQHandler                      0x080001ab   Thumb Code     0  startup_stm32f103xb.o(.text)
    TIM1_CC_IRQHandler                       0x080001ab   Thumb Code     0  startup_stm32f103xb.o(.text)
    TIM1_TRG_COM_IRQHandler                  0x080001ab   Thumb Code     0  startup_stm32f103xb.o(.text)
    TIM1_UP_IRQHandler                       0x080001ab   Thumb Code     0  startup_stm32f103xb.o(.text)
    TIM2_IRQHandler                          0x080001ab   Thumb Code     0  startup_stm32f103xb.o(.text)
    TIM3_IRQHandler                          0x080001ab   Thumb Code     0  startup_stm32f103xb.o(.text)
    TIM4_IRQHandler                          0x080001ab   Thumb Code     0  startup_stm32f103xb.o(.text)
    USART2_IRQHandler                        0x080001ab   Thumb Code     0  startup_stm32f103xb.o(.text)
    USART3_IRQHandler                        0x080001ab   Thumb Code     0  startup_stm32f103xb.o(.text)
    USBWakeUp_IRQHandler                     0x080001ab   Thumb Code     0  startup_stm32f103xb.o(.text)
    USB_HP_CAN1_TX_IRQHandler                0x080001ab   Thumb Code     0  startup_stm32f103xb.o(.text)
    USB_LP_CAN1_RX0_IRQHandler               0x080001ab   Thumb Code     0  startup_stm32f103xb.o(.text)
    WWDG_IRQHandler                          0x080001ab   Thumb Code     0  startup_stm32f103xb.o(.text)
    __user_initial_stackheap                 0x080001ad   Thumb Code     0  startup_stm32f103xb.o(.text)
    __2sprintf                               0x080001d1   Thumb Code    34  noretval__2sprintf.o(.text)
    __printf                                 0x080001f9   Thumb Code   104  __printf.o(.text)
    _printf_int_dec                          0x08000261   Thumb Code   104  _printf_dec.o(.text)
    __aeabi_memclr4                          0x080002d9   Thumb Code     0  rt_memclr_w.o(.text)
    __aeabi_memclr8                          0x080002d9   Thumb Code     0  rt_memclr_w.o(.text)
    __rt_memclr_w                            0x080002d9   Thumb Code    78  rt_memclr_w.o(.text)
    _memset_w                                0x080002dd   Thumb Code     0  rt_memclr_w.o(.text)
    strcmp                                   0x08000329   Thumb Code   128  strcmpv7m.o(.text)
    __use_two_region_memory                  0x080003a9   Thumb Code     2  heapauxi.o(.text)
    __rt_heap_escrow$2region                 0x080003ab   Thumb Code     2  heapauxi.o(.text)
    __rt_heap_expand$2region                 0x080003ad   Thumb Code     2  heapauxi.o(.text)
    _printf_int_common                       0x080003af   Thumb Code   178  _printf_intcommon.o(.text)
    _printf_char_common                      0x0800046b   Thumb Code    32  _printf_char_common.o(.text)
    _sputc                                   0x08000491   Thumb Code    10  _sputc.o(.text)
    __user_setup_stackheap                   0x0800049b   Thumb Code    74  sys_stackheap_outer.o(.text)
    exit                                     0x080004e5   Thumb Code    18  exit.o(.text)
    __user_libspace                          0x080004f9   Thumb Code     8  libspace.o(.text)
    __user_perproc_libspace                  0x080004f9   Thumb Code     0  libspace.o(.text)
    __user_perthread_libspace                0x080004f9   Thumb Code     0  libspace.o(.text)
    _sys_exit                                0x08000501   Thumb Code     8  sys_exit.o(.text)
    __I$use$semihosting                      0x0800050d   Thumb Code     0  use_no_semi.o(.text)
    __use_no_semihosting_swi                 0x0800050d   Thumb Code     2  use_no_semi.o(.text)
    BusFault_Handler                         0x0800050f   Thumb Code     2  stm32f1xx_it.o(i.BusFault_Handler)
    __semihosting_library_function           0x0800050f   Thumb Code     0  indicate_semi.o(.text)
    DebugMon_Handler                         0x08000511   Thumb Code     2  stm32f1xx_it.o(i.DebugMon_Handler)
    HAL_DMA_Abort                            0x08000513   Thumb Code    70  stm32f1xx_hal_dma.o(i.HAL_DMA_Abort)
    HAL_DMA_Abort_IT                         0x08000559   Thumb Code   148  stm32f1xx_hal_dma.o(i.HAL_DMA_Abort_IT)
    HAL_DMA_GetState                         0x080005f1   Thumb Code     6  stm32f1xx_hal_dma.o(i.HAL_DMA_GetState)
    HAL_Delay                                0x080005f9   Thumb Code    32  stm32f1xx_hal.o(i.HAL_Delay)
    HAL_GPIO_Init                            0x0800061d   Thumb Code   426  stm32f1xx_hal_gpio.o(i.HAL_GPIO_Init)
    HAL_GPIO_ReadPin                         0x080007e9   Thumb Code    10  stm32f1xx_hal_gpio.o(i.HAL_GPIO_ReadPin)
    HAL_GPIO_WritePin                        0x080007f3   Thumb Code    10  stm32f1xx_hal_gpio.o(i.HAL_GPIO_WritePin)
    HAL_GetTick                              0x080007fd   Thumb Code     6  stm32f1xx_hal.o(i.HAL_GetTick)
    HAL_I2C_AbortCpltCallback                0x08000809   Thumb Code     2  stm32f1xx_hal_i2c.o(i.HAL_I2C_AbortCpltCallback)
    HAL_I2C_AddrCallback                     0x0800080b   Thumb Code     2  stm32f1xx_hal_i2c.o(i.HAL_I2C_AddrCallback)
    HAL_I2C_EV_IRQHandler                    0x0800080d   Thumb Code   560  stm32f1xx_hal_i2c.o(i.HAL_I2C_EV_IRQHandler)
    HAL_I2C_ErrorCallback                    0x08000a3d   Thumb Code     2  stm32f1xx_hal_i2c.o(i.HAL_I2C_ErrorCallback)
    HAL_I2C_Init                             0x08000a41   Thumb Code   376  stm32f1xx_hal_i2c.o(i.HAL_I2C_Init)
    HAL_I2C_ListenCpltCallback               0x08000bc9   Thumb Code     2  stm32f1xx_hal_i2c.o(i.HAL_I2C_ListenCpltCallback)
    HAL_I2C_MasterRxCpltCallback             0x08000bcb   Thumb Code     2  stm32f1xx_hal_i2c.o(i.HAL_I2C_MasterRxCpltCallback)
    HAL_I2C_MasterTxCpltCallback             0x08000bcd   Thumb Code     2  stm32f1xx_hal_i2c.o(i.HAL_I2C_MasterTxCpltCallback)
    HAL_I2C_MemRxCpltCallback                0x08000bcf   Thumb Code     2  stm32f1xx_hal_i2c.o(i.HAL_I2C_MemRxCpltCallback)
    HAL_I2C_MemTxCpltCallback                0x08000bd1   Thumb Code   178  oled.o(i.HAL_I2C_MemTxCpltCallback)
    HAL_I2C_Mem_Read                         0x08000c91   Thumb Code   574  stm32f1xx_hal_i2c.o(i.HAL_I2C_Mem_Read)
    HAL_I2C_Mem_Write                        0x08000ee1   Thumb Code   294  stm32f1xx_hal_i2c.o(i.HAL_I2C_Mem_Write)
    HAL_I2C_Mem_Write_IT                     0x08001011   Thumb Code   202  stm32f1xx_hal_i2c.o(i.HAL_I2C_Mem_Write_IT)
    HAL_I2C_MspInit                          0x080010e5   Thumb Code   152  stm32f1xx_hal_msp.o(i.HAL_I2C_MspInit)
    HAL_I2C_SlaveRxCpltCallback              0x0800118d   Thumb Code     2  stm32f1xx_hal_i2c.o(i.HAL_I2C_SlaveRxCpltCallback)
    HAL_I2C_SlaveTxCpltCallback              0x0800118f   Thumb Code     2  stm32f1xx_hal_i2c.o(i.HAL_I2C_SlaveTxCpltCallback)
    HAL_IncTick                              0x08001191   Thumb Code    12  stm32f1xx_hal.o(i.HAL_IncTick)
    HAL_Init                                 0x080011a1   Thumb Code    32  stm32f1xx_hal.o(i.HAL_Init)
    HAL_InitTick                             0x080011c5   Thumb Code    54  stm32f1xx_hal.o(i.HAL_InitTick)
    HAL_MspInit                              0x08001205   Thumb Code    52  stm32f1xx_hal_msp.o(i.HAL_MspInit)
    HAL_NVIC_EnableIRQ                       0x08001241   Thumb Code    26  stm32f1xx_hal_cortex.o(i.HAL_NVIC_EnableIRQ)
    HAL_NVIC_SetPriority                     0x0800125d   Thumb Code    60  stm32f1xx_hal_cortex.o(i.HAL_NVIC_SetPriority)
    HAL_NVIC_SetPriorityGrouping             0x0800129d   Thumb Code    26  stm32f1xx_hal_cortex.o(i.HAL_NVIC_SetPriorityGrouping)
    HAL_PWR_DisableWakeUpPin                 0x080012c1   Thumb Code    22  stm32f1xx_hal_pwr.o(i.HAL_PWR_DisableWakeUpPin)
    HAL_PWR_EnableWakeUpPin                  0x080012dd   Thumb Code    22  stm32f1xx_hal_pwr.o(i.HAL_PWR_EnableWakeUpPin)
    HAL_PWR_EnterSTANDBYMode                 0x080012f9   Thumb Code    24  stm32f1xx_hal_pwr.o(i.HAL_PWR_EnterSTANDBYMode)
    HAL_RCC_ClockConfig                      0x08001319   Thumb Code   292  stm32f1xx_hal_rcc.o(i.HAL_RCC_ClockConfig)
    HAL_RCC_GetPCLK1Freq                     0x08001451   Thumb Code    20  stm32f1xx_hal_rcc.o(i.HAL_RCC_GetPCLK1Freq)
    HAL_RCC_GetPCLK2Freq                     0x08001471   Thumb Code    20  stm32f1xx_hal_rcc.o(i.HAL_RCC_GetPCLK2Freq)
    HAL_RCC_GetSysClockFreq                  0x08001491   Thumb Code    74  stm32f1xx_hal_rcc.o(i.HAL_RCC_GetSysClockFreq)
    HAL_RCC_OscConfig                        0x080014fd   Thumb Code   770  stm32f1xx_hal_rcc.o(i.HAL_RCC_OscConfig)
    HAL_SYSTICK_Config                       0x08001815   Thumb Code    40  stm32f1xx_hal_cortex.o(i.HAL_SYSTICK_Config)
    HAL_UARTEx_RxEventCallback               0x0800183d   Thumb Code     2  stm32f1xx_hal_uart.o(i.HAL_UARTEx_RxEventCallback)
    HAL_UART_ErrorCallback                   0x0800183f   Thumb Code     2  stm32f1xx_hal_uart.o(i.HAL_UART_ErrorCallback)
    HAL_UART_IRQHandler                      0x08001841   Thumb Code   520  stm32f1xx_hal_uart.o(i.HAL_UART_IRQHandler)
    HAL_UART_Init                            0x08001a4d   Thumb Code    98  stm32f1xx_hal_uart.o(i.HAL_UART_Init)
    HAL_UART_MspInit                         0x08001ab1   Thumb Code   116  stm32f1xx_hal_msp.o(i.HAL_UART_MspInit)
    HAL_UART_Receive                         0x08001b31   Thumb Code   196  stm32f1xx_hal_uart.o(i.HAL_UART_Receive)
    HAL_UART_RxCpltCallback                  0x08001bf5   Thumb Code     2  stm32f1xx_hal_uart.o(i.HAL_UART_RxCpltCallback)
    HAL_UART_Transmit                        0x08001bf7   Thumb Code   176  stm32f1xx_hal_uart.o(i.HAL_UART_Transmit)
    HAL_UART_TxCpltCallback                  0x08001ca7   Thumb Code     2  stm32f1xx_hal_uart.o(i.HAL_UART_TxCpltCallback)
    HardFault_Handler                        0x08001ca9   Thumb Code     2  stm32f1xx_it.o(i.HardFault_Handler)
    I2C1_EV_IRQHandler                       0x08001cad   Thumb Code     6  stm32f1xx_it.o(i.I2C1_EV_IRQHandler)
    I2C2_EV_IRQHandler                       0x08001cb9   Thumb Code     6  stm32f1xx_it.o(i.I2C2_EV_IRQHandler)
    MemManage_Handler                        0x08002a51   Thumb Code     2  stm32f1xx_it.o(i.MemManage_Handler)
    NMI_Handler                              0x08002a53   Thumb Code     2  stm32f1xx_it.o(i.NMI_Handler)
    OLED_Clear                               0x08002a55   Thumb Code    40  oled.o(i.OLED_Clear)
    OLED_Display_Off                         0x08002a7d   Thumb Code     8  oled.o(i.OLED_Display_Off)
    OLED_Init                                0x08002a89   Thumb Code   340  oled.o(i.OLED_Init)
    OLED_Set_Pos                             0x08002c0d   Thumb Code     8  oled.o(i.OLED_Set_Pos)
    OLED_ShowString                          0x08002c19   Thumb Code    84  oled.o(i.OLED_ShowString)
    OLED_WR_Byte                             0x08002c71   Thumb Code    56  oled.o(i.OLED_WR_Byte)
    OLED_drawChart                           0x08002cb5   Thumb Code   218  oled.o(i.OLED_drawChart)
    OLED_showNum                             0x08002da1   Thumb Code   196  oled.o(i.OLED_showNum)
    PendSV_Handler                           0x08002e69   Thumb Code     2  stm32f1xx_it.o(i.PendSV_Handler)
    SVC_Handler                              0x08002e6b   Thumb Code     2  stm32f1xx_it.o(i.SVC_Handler)
    SysTick_Handler                          0x08002e6d   Thumb Code     4  stm32f1xx_it.o(i.SysTick_Handler)
    SystemClock_Config                       0x08002e71   Thumb Code    90  main.o(i.SystemClock_Config)
    SystemInit                               0x08002ecb   Thumb Code     2  system_stm32f1xx.o(i.SystemInit)
    USART1_IRQHandler                        0x080030e1   Thumb Code     6  stm32f1xx_it.o(i.USART1_IRQHandler)
    UsageFault_Handler                       0x080030ed   Thumb Code     2  stm32f1xx_it.o(i.UsageFault_Handler)
    buffInsert                               0x08003111   Thumb Code    36  max30102.o(i.buffInsert)
    calAcDc                                  0x08003139   Thumb Code    96  max30102.o(i.calAcDc)
    filter                                   0x0800319d   Thumb Code    50  max30102.o(i.filter)
    main                                     0x080031d5   Thumb Code   530  main.o(i.main)
    max                                      0x08003419   Thumb Code     8  oled.o(i.max)
    max30102_OFF                             0x08003421   Thumb Code    64  max30102.o(i.max30102_OFF)
    max30102_cal                             0x08003465   Thumb Code   318  max30102.o(i.max30102_cal)
    max30102_getDiff                         0x080035d5   Thumb Code     8  max30102.o(i.max30102_getDiff)
    max30102_getFIFO                         0x080035e1   Thumb Code   114  max30102.o(i.max30102_getFIFO)
    max30102_getHeartRate                    0x08003659   Thumb Code     6  max30102.o(i.max30102_getHeartRate)
    max30102_getSpO2                         0x08003665   Thumb Code     6  max30102.o(i.max30102_getSpO2)
    max30102_getStatus                       0x08003671   Thumb Code    68  max30102.o(i.max30102_getStatus)
    max30102_getUnreadSampleCount            0x080036b9   Thumb Code    74  max30102.o(i.max30102_getUnreadSampleCount)
    max30102_init                            0x08003709   Thumb Code   260  max30102.o(i.max30102_init)
    min                                      0x08003811   Thumb Code     8  oled.o(i.min)
    shutdown                                 0x08003819   Thumb Code    50  main.o(i.shutdown)
    __aeabi_d2f                              0x08003851   Thumb Code     0  d2f.o(x$fpl$d2f)
    _d2f                                     0x08003851   Thumb Code    98  d2f.o(x$fpl$d2f)
    __aeabi_dadd                             0x080038b5   Thumb Code     0  daddsub_clz.o(x$fpl$dadd)
    _dadd                                    0x080038b5   Thumb Code   332  daddsub_clz.o(x$fpl$dadd)
    __fpl_dcheck_NaN1                        0x08003a05   Thumb Code    10  dcheck1.o(x$fpl$dcheck1)
    __aeabi_ddiv                             0x08003a15   Thumb Code     0  ddiv.o(x$fpl$ddiv)
    _ddiv                                    0x08003a15   Thumb Code   552  ddiv.o(x$fpl$ddiv)
    __aeabi_d2uiz                            0x08003cc5   Thumb Code     0  dfixu.o(x$fpl$dfixu)
    _dfixu                                   0x08003cc5   Thumb Code    90  dfixu.o(x$fpl$dfixu)
    __aeabi_ui2d                             0x08003d1f   Thumb Code     0  dflt_clz.o(x$fpl$dfltu)
    _dfltu                                   0x08003d1f   Thumb Code    38  dflt_clz.o(x$fpl$dfltu)
    __aeabi_dmul                             0x08003d45   Thumb Code     0  dmul.o(x$fpl$dmul)
    _dmul                                    0x08003d45   Thumb Code   332  dmul.o(x$fpl$dmul)
    __fpl_dnaninf                            0x08003e99   Thumb Code   156  dnaninf.o(x$fpl$dnaninf)
    __fpl_dretinf                            0x08003f35   Thumb Code    12  dretinf.o(x$fpl$dretinf)
    __aeabi_drsub                            0x08003f41   Thumb Code     0  daddsub_clz.o(x$fpl$drsb)
    _drsb                                    0x08003f41   Thumb Code    22  daddsub_clz.o(x$fpl$drsb)
    __aeabi_dsub                             0x08003f59   Thumb Code     0  daddsub_clz.o(x$fpl$dsub)
    _dsub                                    0x08003f59   Thumb Code   464  daddsub_clz.o(x$fpl$dsub)
    __aeabi_f2d                              0x0800412d   Thumb Code     0  f2d.o(x$fpl$f2d)
    _f2d                                     0x0800412d   Thumb Code    86  f2d.o(x$fpl$f2d)
    __aeabi_fadd                             0x08004185   Thumb Code     0  faddsub_clz.o(x$fpl$fadd)
    _fadd                                    0x08004185   Thumb Code   196  faddsub_clz.o(x$fpl$fadd)
    __aeabi_fdiv                             0x08004249   Thumb Code     0  fdiv.o(x$fpl$fdiv)
    _fdiv                                    0x08004249   Thumb Code   384  fdiv.o(x$fpl$fdiv)
    __aeabi_f2uiz                            0x080043cd   Thumb Code     0  ffixu.o(x$fpl$ffixu)
    _ffixu                                   0x080043cd   Thumb Code    62  ffixu.o(x$fpl$ffixu)
    __aeabi_i2f                              0x0800440d   Thumb Code     0  fflt_clz.o(x$fpl$fflt)
    _fflt                                    0x0800440d   Thumb Code    48  fflt_clz.o(x$fpl$fflt)
    __aeabi_ui2f                             0x0800443d   Thumb Code     0  fflt_clz.o(x$fpl$ffltu)
    _ffltu                                   0x0800443d   Thumb Code    38  fflt_clz.o(x$fpl$ffltu)
    __aeabi_fmul                             0x08004465   Thumb Code     0  fmul.o(x$fpl$fmul)
    _fmul                                    0x08004465   Thumb Code   258  fmul.o(x$fpl$fmul)
    __fpl_fnaninf                            0x08004567   Thumb Code   140  fnaninf.o(x$fpl$fnaninf)
    __fpl_fretinf                            0x080045f3   Thumb Code    10  fretinf.o(x$fpl$fretinf)
    __aeabi_frsub                            0x080045fd   Thumb Code     0  faddsub_clz.o(x$fpl$frsb)
    _frsb                                    0x080045fd   Thumb Code    20  faddsub_clz.o(x$fpl$frsb)
    __aeabi_fsub                             0x08004611   Thumb Code     0  faddsub_clz.o(x$fpl$fsub)
    _fsub                                    0x08004611   Thumb Code   234  faddsub_clz.o(x$fpl$fsub)
    __fpl_return_NaN                         0x080046fb   Thumb Code   100  retnan.o(x$fpl$retnan)
    __ARM_scalbn                             0x0800475f   Thumb Code    92  scalbn.o(x$fpl$scalbn)
    __fpl_cmpreturn                          0x080047bb   Thumb Code    48  trapv.o(x$fpl$trapveneer)
    __I$use$fp                               0x080047ea   Number         0  usenofp.o(x$fpl$usenofp)
    oled_nums_pos                            0x080047ea   Data           8  oled.o(.constdata)
    F6x8                                     0x080047f2   Data         552  oled.o(.constdata)
    heart                                    0x08004a1a   Data          63  oled.o(.constdata)
    oled_nums                                0x08004a59   Data          11  oled.o(.constdata)
    AHBPrescTable                            0x08004a64   Data          16  system_stm32f1xx.o(.constdata)
    APBPrescTable                            0x08004a74   Data           8  system_stm32f1xx.o(.constdata)
    Region$$Table$$Base                      0x08004a7c   Number         0  anon$$obj.o(Region$$Table)
    Region$$Table$$Limit                     0x08004a9c   Number         0  anon$$obj.o(Region$$Table)
    point_x                                  0x20000000   Data           1  oled.o(.data)
    point_y                                  0x20000001   Data           1  oled.o(.data)
    whatToDo                                 0x20000002   Data           1  oled.o(.data)
    pos_x_this                               0x20000003   Data           1  oled.o(.data)
    pos_y_old                                0x20000004   Data           1  oled.o(.data)
    tempData                                 0x20000008   Data           2  main.o(.data)
    temperature                              0x2000000c   Data           4  main.o(.data)
    heartRate                                0x20000010   Data           1  max30102.o(.data)
    spo2                                     0x20000011   Data           1  max30102.o(.data)
    redAC                                    0x20000014   Data           2  max30102.o(.data)
    iRedAC                                   0x20000016   Data           2  max30102.o(.data)
    eachSampleDiff                           0x20000018   Data           2  max30102.o(.data)
    redDC                                    0x2000001c   Data           4  max30102.o(.data)
    iRedDC                                   0x20000020   Data           4  max30102.o(.data)
    uwTickFreq                               0x20000028   Data           1  stm32f1xx_hal.o(.data)
    uwTickPrio                               0x2000002c   Data           4  stm32f1xx_hal.o(.data)
    uwTick                                   0x20000030   Data           4  stm32f1xx_hal.o(.data)
    SystemCoreClock                          0x20000034   Data           4  system_stm32f1xx.o(.data)
    oled_cache                               0x20000038   Data        1024  oled.o(.bss)
    hi2c1                                    0x20000438   Data          84  main.o(.bss)
    hi2c2                                    0x2000048c   Data          84  main.o(.bss)
    huart1                                   0x200004e0   Data          68  main.o(.bss)
    sampleBuff                               0x20000530   Data         400  max30102.o(.bss)
    __libspace_start                         0x200006c0   Data          96  libspace.o(.bss)
    __temporary_stack_top$libspace           0x20000720   Data           0  libspace.o(.bss)



==============================================================================

Memory Map of the image

  Image Entry point : 0x080000ed

  Load Region LR_IROM1 (Base: 0x08000000, Size: 0x00004ad4, Max: 0x00010000, ABSOLUTE)

    Execution Region ER_IROM1 (Exec base: 0x08000000, Load base: 0x08000000, Size: 0x00004a9c, Max: 0x00010000, ABSOLUTE)

    Exec Addr    Load Addr    Size         Type   Attr      Idx    E Section Name        Object

    0x08000000   0x08000000   0x000000ec   Data   RO            3    RESET               startup_stm32f103xb.o
    0x080000ec   0x080000ec   0x00000008   Code   RO         2404  * !!!main             c_w.l(__main.o)
    0x080000f4   0x080000f4   0x00000034   Code   RO         2637    !!!scatter          c_w.l(__scatter.o)
    0x08000128   0x08000128   0x0000001a   Code   RO         2639    !!handler_copy      c_w.l(__scatter_copy.o)
    0x08000142   0x08000142   0x00000002   PAD
    0x08000144   0x08000144   0x0000001c   Code   RO         2641    !!handler_zi        c_w.l(__scatter_zi.o)
    0x08000160   0x08000160   0x00000000   Code   RO         2397    .ARM.Collect$$_printf_percent$$00000000  c_w.l(_printf_percent.o)
    0x08000160   0x08000160   0x00000006   Code   RO         2396    .ARM.Collect$$_printf_percent$$0000000A  c_w.l(_printf_u.o)
    0x08000166   0x08000166   0x00000004   Code   RO         2463    .ARM.Collect$$_printf_percent$$00000017  c_w.l(_printf_percent_end.o)
    0x0800016a   0x0800016a   0x00000002   Code   RO         2503    .ARM.Collect$$libinit$$00000000  c_w.l(libinit.o)
    0x0800016c   0x0800016c   0x00000000   Code   RO         2512    .ARM.Collect$$libinit$$00000002  c_w.l(libinit2.o)
    0x0800016c   0x0800016c   0x00000000   Code   RO         2514    .ARM.Collect$$libinit$$00000004  c_w.l(libinit2.o)
    0x0800016c   0x0800016c   0x00000000   Code   RO         2517    .ARM.Collect$$libinit$$0000000A  c_w.l(libinit2.o)
    0x0800016c   0x0800016c   0x00000000   Code   RO         2519    .ARM.Collect$$libinit$$0000000C  c_w.l(libinit2.o)
    0x0800016c   0x0800016c   0x00000000   Code   RO         2521    .ARM.Collect$$libinit$$0000000E  c_w.l(libinit2.o)
    0x0800016c   0x0800016c   0x00000000   Code   RO         2524    .ARM.Collect$$libinit$$00000011  c_w.l(libinit2.o)
    0x0800016c   0x0800016c   0x00000000   Code   RO         2526    .ARM.Collect$$libinit$$00000013  c_w.l(libinit2.o)
    0x0800016c   0x0800016c   0x00000000   Code   RO         2528    .ARM.Collect$$libinit$$00000015  c_w.l(libinit2.o)
    0x0800016c   0x0800016c   0x00000000   Code   RO         2530    .ARM.Collect$$libinit$$00000017  c_w.l(libinit2.o)
    0x0800016c   0x0800016c   0x00000000   Code   RO         2532    .ARM.Collect$$libinit$$00000019  c_w.l(libinit2.o)
    0x0800016c   0x0800016c   0x00000000   Code   RO         2534    .ARM.Collect$$libinit$$0000001B  c_w.l(libinit2.o)
    0x0800016c   0x0800016c   0x00000000   Code   RO         2536    .ARM.Collect$$libinit$$0000001D  c_w.l(libinit2.o)
    0x0800016c   0x0800016c   0x00000000   Code   RO         2538    .ARM.Collect$$libinit$$0000001F  c_w.l(libinit2.o)
    0x0800016c   0x0800016c   0x00000000   Code   RO         2540    .ARM.Collect$$libinit$$00000021  c_w.l(libinit2.o)
    0x0800016c   0x0800016c   0x00000000   Code   RO         2542    .ARM.Collect$$libinit$$00000023  c_w.l(libinit2.o)
    0x0800016c   0x0800016c   0x00000000   Code   RO         2544    .ARM.Collect$$libinit$$00000025  c_w.l(libinit2.o)
    0x0800016c   0x0800016c   0x00000000   Code   RO         2548    .ARM.Collect$$libinit$$0000002C  c_w.l(libinit2.o)
    0x0800016c   0x0800016c   0x00000000   Code   RO         2550    .ARM.Collect$$libinit$$0000002E  c_w.l(libinit2.o)
    0x0800016c   0x0800016c   0x00000000   Code   RO         2552    .ARM.Collect$$libinit$$00000030  c_w.l(libinit2.o)
    0x0800016c   0x0800016c   0x00000000   Code   RO         2554    .ARM.Collect$$libinit$$00000032  c_w.l(libinit2.o)
    0x0800016c   0x0800016c   0x00000002   Code   RO         2555    .ARM.Collect$$libinit$$00000033  c_w.l(libinit2.o)
    0x0800016e   0x0800016e   0x00000002   Code   RO         2575    .ARM.Collect$$libshutdown$$00000000  c_w.l(libshutdown.o)
    0x08000170   0x08000170   0x00000000   Code   RO         2588    .ARM.Collect$$libshutdown$$00000002  c_w.l(libshutdown2.o)
    0x08000170   0x08000170   0x00000000   Code   RO         2590    .ARM.Collect$$libshutdown$$00000004  c_w.l(libshutdown2.o)
    0x08000170   0x08000170   0x00000000   Code   RO         2592    .ARM.Collect$$libshutdown$$00000006  c_w.l(libshutdown2.o)
    0x08000170   0x08000170   0x00000000   Code   RO         2595    .ARM.Collect$$libshutdown$$00000009  c_w.l(libshutdown2.o)
    0x08000170   0x08000170   0x00000000   Code   RO         2598    .ARM.Collect$$libshutdown$$0000000C  c_w.l(libshutdown2.o)
    0x08000170   0x08000170   0x00000000   Code   RO         2600    .ARM.Collect$$libshutdown$$0000000E  c_w.l(libshutdown2.o)
    0x08000170   0x08000170   0x00000000   Code   RO         2603    .ARM.Collect$$libshutdown$$00000011  c_w.l(libshutdown2.o)
    0x08000170   0x08000170   0x00000002   Code   RO         2604    .ARM.Collect$$libshutdown$$00000012  c_w.l(libshutdown2.o)
    0x08000172   0x08000172   0x00000000   Code   RO         2456    .ARM.Collect$$rtentry$$00000000  c_w.l(__rtentry.o)
    0x08000172   0x08000172   0x00000000   Code   RO         2476    .ARM.Collect$$rtentry$$00000002  c_w.l(__rtentry2.o)
    0x08000172   0x08000172   0x00000006   Code   RO         2488    .ARM.Collect$$rtentry$$00000004  c_w.l(__rtentry4.o)
    0x08000178   0x08000178   0x00000000   Code   RO         2478    .ARM.Collect$$rtentry$$00000009  c_w.l(__rtentry2.o)
    0x08000178   0x08000178   0x00000004   Code   RO         2479    .ARM.Collect$$rtentry$$0000000A  c_w.l(__rtentry2.o)
    0x0800017c   0x0800017c   0x00000000   Code   RO         2481    .ARM.Collect$$rtentry$$0000000C  c_w.l(__rtentry2.o)
    0x0800017c   0x0800017c   0x00000008   Code   RO         2482    .ARM.Collect$$rtentry$$0000000D  c_w.l(__rtentry2.o)
    0x08000184   0x08000184   0x00000002   Code   RO         2509    .ARM.Collect$$rtexit$$00000000  c_w.l(rtexit.o)
    0x08000186   0x08000186   0x00000000   Code   RO         2557    .ARM.Collect$$rtexit$$00000002  c_w.l(rtexit2.o)
    0x08000186   0x08000186   0x00000004   Code   RO         2558    .ARM.Collect$$rtexit$$00000003  c_w.l(rtexit2.o)
    0x0800018a   0x0800018a   0x00000006   Code   RO         2559    .ARM.Collect$$rtexit$$00000004  c_w.l(rtexit2.o)
    0x08000190   0x08000190   0x00000040   Code   RO            4    .text               startup_stm32f103xb.o
    0x080001d0   0x080001d0   0x00000028   Code   RO         2370    .text               c_w.l(noretval__2sprintf.o)
    0x080001f8   0x080001f8   0x00000068   Code   RO         2372    .text               c_w.l(__printf.o)
    0x08000260   0x08000260   0x00000078   Code   RO         2374    .text               c_w.l(_printf_dec.o)
    0x080002d8   0x080002d8   0x0000004e   Code   RO         2398    .text               c_w.l(rt_memclr_w.o)
    0x08000326   0x08000326   0x00000002   PAD
    0x08000328   0x08000328   0x00000080   Code   RO         2400    .text               c_w.l(strcmpv7m.o)
    0x080003a8   0x080003a8   0x00000006   Code   RO         2402    .text               c_w.l(heapauxi.o)
    0x080003ae   0x080003ae   0x000000b2   Code   RO         2457    .text               c_w.l(_printf_intcommon.o)
    0x08000460   0x08000460   0x00000030   Code   RO         2459    .text               c_w.l(_printf_char_common.o)
    0x08000490   0x08000490   0x0000000a   Code   RO         2461    .text               c_w.l(_sputc.o)
    0x0800049a   0x0800049a   0x0000004a   Code   RO         2494    .text               c_w.l(sys_stackheap_outer.o)
    0x080004e4   0x080004e4   0x00000012   Code   RO         2496    .text               c_w.l(exit.o)
    0x080004f6   0x080004f6   0x00000002   PAD
    0x080004f8   0x080004f8   0x00000008   Code   RO         2506    .text               c_w.l(libspace.o)
    0x08000500   0x08000500   0x0000000c   Code   RO         2567    .text               c_w.l(sys_exit.o)
    0x0800050c   0x0800050c   0x00000002   Code   RO         2578    .text               c_w.l(use_no_semi.o)
    0x0800050e   0x0800050e   0x00000000   Code   RO         2580    .text               c_w.l(indicate_semi.o)
    0x0800050e   0x0800050e   0x00000002   Code   RO          250    i.BusFault_Handler  stm32f1xx_it.o
    0x08000510   0x08000510   0x00000002   Code   RO          251    i.DebugMon_Handler  stm32f1xx_it.o
    0x08000512   0x08000512   0x00000046   Code   RO         1340    i.HAL_DMA_Abort     stm32f1xx_hal_dma.o
    0x08000558   0x08000558   0x00000098   Code   RO         1341    i.HAL_DMA_Abort_IT  stm32f1xx_hal_dma.o
    0x080005f0   0x080005f0   0x00000006   Code   RO         1344    i.HAL_DMA_GetState  stm32f1xx_hal_dma.o
    0x080005f6   0x080005f6   0x00000002   PAD
    0x080005f8   0x080005f8   0x00000024   Code   RO          968    i.HAL_Delay         stm32f1xx_hal.o
    0x0800061c   0x0800061c   0x000001cc   Code   RO         1276    i.HAL_GPIO_Init     stm32f1xx_hal_gpio.o
    0x080007e8   0x080007e8   0x0000000a   Code   RO         1278    i.HAL_GPIO_ReadPin  stm32f1xx_hal_gpio.o
    0x080007f2   0x080007f2   0x0000000a   Code   RO         1280    i.HAL_GPIO_WritePin  stm32f1xx_hal_gpio.o
    0x080007fc   0x080007fc   0x0000000c   Code   RO          972    i.HAL_GetTick       stm32f1xx_hal.o
    0x08000808   0x08000808   0x00000002   Code   RO          529    i.HAL_I2C_AbortCpltCallback  stm32f1xx_hal_i2c.o
    0x0800080a   0x0800080a   0x00000002   Code   RO          530    i.HAL_I2C_AddrCallback  stm32f1xx_hal_i2c.o
    0x0800080c   0x0800080c   0x00000230   Code   RO          534    i.HAL_I2C_EV_IRQHandler  stm32f1xx_hal_i2c.o
    0x08000a3c   0x08000a3c   0x00000002   Code   RO          536    i.HAL_I2C_ErrorCallback  stm32f1xx_hal_i2c.o
    0x08000a3e   0x08000a3e   0x00000002   PAD
    0x08000a40   0x08000a40   0x00000188   Code   RO          540    i.HAL_I2C_Init      stm32f1xx_hal_i2c.o
    0x08000bc8   0x08000bc8   0x00000002   Code   RO          542    i.HAL_I2C_ListenCpltCallback  stm32f1xx_hal_i2c.o
    0x08000bca   0x08000bca   0x00000002   Code   RO          543    i.HAL_I2C_MasterRxCpltCallback  stm32f1xx_hal_i2c.o
    0x08000bcc   0x08000bcc   0x00000002   Code   RO          544    i.HAL_I2C_MasterTxCpltCallback  stm32f1xx_hal_i2c.o
    0x08000bce   0x08000bce   0x00000002   Code   RO          556    i.HAL_I2C_MemRxCpltCallback  stm32f1xx_hal_i2c.o
    0x08000bd0   0x08000bd0   0x000000c0   Code   RO           13    i.HAL_I2C_MemTxCpltCallback  oled.o
    0x08000c90   0x08000c90   0x00000250   Code   RO          558    i.HAL_I2C_Mem_Read  stm32f1xx_hal_i2c.o
    0x08000ee0   0x08000ee0   0x00000130   Code   RO          561    i.HAL_I2C_Mem_Write  stm32f1xx_hal_i2c.o
    0x08001010   0x08001010   0x000000d4   Code   RO          563    i.HAL_I2C_Mem_Write_IT  stm32f1xx_hal_i2c.o
    0x080010e4   0x080010e4   0x000000a8   Code   RO          345    i.HAL_I2C_MspInit   stm32f1xx_hal_msp.o
    0x0800118c   0x0800118c   0x00000002   Code   RO          566    i.HAL_I2C_SlaveRxCpltCallback  stm32f1xx_hal_i2c.o
    0x0800118e   0x0800118e   0x00000002   Code   RO          567    i.HAL_I2C_SlaveTxCpltCallback  stm32f1xx_hal_i2c.o
    0x08001190   0x08001190   0x00000010   Code   RO          978    i.HAL_IncTick       stm32f1xx_hal.o
    0x080011a0   0x080011a0   0x00000024   Code   RO          979    i.HAL_Init          stm32f1xx_hal.o
    0x080011c4   0x080011c4   0x00000040   Code   RO          980    i.HAL_InitTick      stm32f1xx_hal.o
    0x08001204   0x08001204   0x0000003c   Code   RO          346    i.HAL_MspInit       stm32f1xx_hal_msp.o
    0x08001240   0x08001240   0x0000001a   Code   RO         1436    i.HAL_NVIC_EnableIRQ  stm32f1xx_hal_cortex.o
    0x0800125a   0x0800125a   0x00000002   PAD
    0x0800125c   0x0800125c   0x00000040   Code   RO         1442    i.HAL_NVIC_SetPriority  stm32f1xx_hal_cortex.o
    0x0800129c   0x0800129c   0x00000024   Code   RO         1443    i.HAL_NVIC_SetPriorityGrouping  stm32f1xx_hal_cortex.o
    0x080012c0   0x080012c0   0x0000001c   Code   RO         1557    i.HAL_PWR_DisableWakeUpPin  stm32f1xx_hal_pwr.o
    0x080012dc   0x080012dc   0x0000001c   Code   RO         1562    i.HAL_PWR_EnableWakeUpPin  stm32f1xx_hal_pwr.o
    0x080012f8   0x080012f8   0x00000020   Code   RO         1564    i.HAL_PWR_EnterSTANDBYMode  stm32f1xx_hal_pwr.o
    0x08001318   0x08001318   0x00000138   Code   RO         1136    i.HAL_RCC_ClockConfig  stm32f1xx_hal_rcc.o
    0x08001450   0x08001450   0x00000020   Code   RO         1143    i.HAL_RCC_GetPCLK1Freq  stm32f1xx_hal_rcc.o
    0x08001470   0x08001470   0x00000020   Code   RO         1144    i.HAL_RCC_GetPCLK2Freq  stm32f1xx_hal_rcc.o
    0x08001490   0x08001490   0x0000006c   Code   RO         1145    i.HAL_RCC_GetSysClockFreq  stm32f1xx_hal_rcc.o
    0x080014fc   0x080014fc   0x00000318   Code   RO         1148    i.HAL_RCC_OscConfig  stm32f1xx_hal_rcc.o
    0x08001814   0x08001814   0x00000028   Code   RO         1447    i.HAL_SYSTICK_Config  stm32f1xx_hal_cortex.o
    0x0800183c   0x0800183c   0x00000002   Code   RO         1983    i.HAL_UARTEx_RxEventCallback  stm32f1xx_hal_uart.o
    0x0800183e   0x0800183e   0x00000002   Code   RO         1997    i.HAL_UART_ErrorCallback  stm32f1xx_hal_uart.o
    0x08001840   0x08001840   0x0000020c   Code   RO         2000    i.HAL_UART_IRQHandler  stm32f1xx_hal_uart.o
    0x08001a4c   0x08001a4c   0x00000062   Code   RO         2001    i.HAL_UART_Init     stm32f1xx_hal_uart.o
    0x08001aae   0x08001aae   0x00000002   PAD
    0x08001ab0   0x08001ab0   0x00000080   Code   RO          348    i.HAL_UART_MspInit  stm32f1xx_hal_msp.o
    0x08001b30   0x08001b30   0x000000c4   Code   RO         2004    i.HAL_UART_Receive  stm32f1xx_hal_uart.o
    0x08001bf4   0x08001bf4   0x00000002   Code   RO         2007    i.HAL_UART_RxCpltCallback  stm32f1xx_hal_uart.o
    0x08001bf6   0x08001bf6   0x000000b0   Code   RO         2009    i.HAL_UART_Transmit  stm32f1xx_hal_uart.o
    0x08001ca6   0x08001ca6   0x00000002   Code   RO         2012    i.HAL_UART_TxCpltCallback  stm32f1xx_hal_uart.o
    0x08001ca8   0x08001ca8   0x00000002   Code   RO          252    i.HardFault_Handler  stm32f1xx_it.o
    0x08001caa   0x08001caa   0x00000002   PAD
    0x08001cac   0x08001cac   0x0000000c   Code   RO          253    i.I2C1_EV_IRQHandler  stm32f1xx_it.o
    0x08001cb8   0x08001cb8   0x0000000c   Code   RO          254    i.I2C2_EV_IRQHandler  stm32f1xx_it.o
    0x08001cc4   0x08001cc4   0x000000b8   Code   RO          578    i.I2C_DMAAbort      stm32f1xx_hal_i2c.o
    0x08001d7c   0x08001d7c   0x00000158   Code   RO          581    i.I2C_ITError       stm32f1xx_hal_i2c.o
    0x08001ed4   0x08001ed4   0x0000002e   Code   RO          582    i.I2C_IsAcknowledgeFailed  stm32f1xx_hal_i2c.o
    0x08001f02   0x08001f02   0x000000d2   Code   RO          583    i.I2C_MasterReceive_BTF  stm32f1xx_hal_i2c.o
    0x08001fd4   0x08001fd4   0x000000e8   Code   RO          584    i.I2C_MasterReceive_RXNE  stm32f1xx_hal_i2c.o
    0x080020bc   0x080020bc   0x00000080   Code   RO          587    i.I2C_MasterTransmit_BTF  stm32f1xx_hal_i2c.o
    0x0800213c   0x0800213c   0x000000b2   Code   RO          588    i.I2C_MasterTransmit_TXE  stm32f1xx_hal_i2c.o
    0x080021ee   0x080021ee   0x00000002   PAD
    0x080021f0   0x080021f0   0x00000158   Code   RO          589    i.I2C_Master_ADDR   stm32f1xx_hal_i2c.o
    0x08002348   0x08002348   0x0000008a   Code   RO          590    i.I2C_Master_SB     stm32f1xx_hal_i2c.o
    0x080023d2   0x080023d2   0x000000a0   Code   RO          591    i.I2C_MemoryTransmit_TXE_BTF  stm32f1xx_hal_i2c.o
    0x08002472   0x08002472   0x00000002   PAD
    0x08002474   0x08002474   0x000000fc   Code   RO          592    i.I2C_RequestMemoryRead  stm32f1xx_hal_i2c.o
    0x08002570   0x08002570   0x000000a8   Code   RO          593    i.I2C_RequestMemoryWrite  stm32f1xx_hal_i2c.o
    0x08002618   0x08002618   0x00000046   Code   RO          594    i.I2C_Slave_ADDR    stm32f1xx_hal_i2c.o
    0x0800265e   0x0800265e   0x00000002   PAD
    0x08002660   0x08002660   0x0000015c   Code   RO          596    i.I2C_Slave_STOPF   stm32f1xx_hal_i2c.o
    0x080027bc   0x080027bc   0x0000004c   Code   RO          597    i.I2C_WaitOnBTFFlagUntilTimeout  stm32f1xx_hal_i2c.o
    0x08002808   0x08002808   0x00000068   Code   RO          598    i.I2C_WaitOnFlagUntilTimeout  stm32f1xx_hal_i2c.o
    0x08002870   0x08002870   0x00000098   Code   RO          599    i.I2C_WaitOnMasterAddressFlagUntilTimeout  stm32f1xx_hal_i2c.o
    0x08002908   0x08002908   0x0000006a   Code   RO          600    i.I2C_WaitOnRXNEFlagUntilTimeout  stm32f1xx_hal_i2c.o
    0x08002972   0x08002972   0x0000004c   Code   RO          601    i.I2C_WaitOnTXEFlagUntilTimeout  stm32f1xx_hal_i2c.o
    0x080029be   0x080029be   0x00000002   PAD
    0x080029c0   0x080029c0   0x00000090   Code   RO          194    i.MX_GPIO_Init      main.o
    0x08002a50   0x08002a50   0x00000002   Code   RO          255    i.MemManage_Handler  stm32f1xx_it.o
    0x08002a52   0x08002a52   0x00000002   Code   RO          256    i.NMI_Handler       stm32f1xx_it.o
    0x08002a54   0x08002a54   0x00000028   Code   RO           14    i.OLED_Clear        oled.o
    0x08002a7c   0x08002a7c   0x0000000c   Code   RO           15    i.OLED_Display_Off  oled.o
    0x08002a88   0x08002a88   0x00000184   Code   RO           16    i.OLED_Init         oled.o
    0x08002c0c   0x08002c0c   0x0000000c   Code   RO           17    i.OLED_Set_Pos      oled.o
    0x08002c18   0x08002c18   0x00000058   Code   RO           18    i.OLED_ShowString   oled.o
    0x08002c70   0x08002c70   0x00000044   Code   RO           19    i.OLED_WR_Byte      oled.o
    0x08002cb4   0x08002cb4   0x000000ec   Code   RO           20    i.OLED_drawChart    oled.o
    0x08002da0   0x08002da0   0x000000c8   Code   RO           22    i.OLED_showNum      oled.o
    0x08002e68   0x08002e68   0x00000002   Code   RO          257    i.PendSV_Handler    stm32f1xx_it.o
    0x08002e6a   0x08002e6a   0x00000002   Code   RO          258    i.SVC_Handler       stm32f1xx_it.o
    0x08002e6c   0x08002e6c   0x00000004   Code   RO          259    i.SysTick_Handler   stm32f1xx_it.o
    0x08002e70   0x08002e70   0x0000005a   Code   RO          195    i.SystemClock_Config  main.o
    0x08002eca   0x08002eca   0x00000002   Code   RO         2330    i.SystemInit        system_stm32f1xx.o
    0x08002ecc   0x08002ecc   0x00000010   Code   RO         2014    i.UART_DMAAbortOnError  stm32f1xx_hal_uart.o
    0x08002edc   0x08002edc   0x00000030   Code   RO         2024    i.UART_EndRxTransfer  stm32f1xx_hal_uart.o
    0x08002f0c   0x08002f0c   0x000000b6   Code   RO         2026    i.UART_Receive_IT   stm32f1xx_hal_uart.o
    0x08002fc2   0x08002fc2   0x00000002   PAD
    0x08002fc4   0x08002fc4   0x000000b8   Code   RO         2027    i.UART_SetConfig    stm32f1xx_hal_uart.o
    0x0800307c   0x0800307c   0x00000062   Code   RO         2030    i.UART_WaitOnFlagUntilTimeout  stm32f1xx_hal_uart.o
    0x080030de   0x080030de   0x00000002   PAD
    0x080030e0   0x080030e0   0x0000000c   Code   RO          260    i.USART1_IRQHandler  stm32f1xx_it.o
    0x080030ec   0x080030ec   0x00000002   Code   RO          261    i.UsageFault_Handler  stm32f1xx_it.o
    0x080030ee   0x080030ee   0x00000020   Code   RO         1449    i.__NVIC_SetPriority  stm32f1xx_hal_cortex.o
    0x0800310e   0x0800310e   0x00000002   PAD
    0x08003110   0x08003110   0x00000028   Code   RO          392    i.buffInsert        max30102.o
    0x08003138   0x08003138   0x00000064   Code   RO          393    i.calAcDc           max30102.o
    0x0800319c   0x0800319c   0x00000038   Code   RO          394    i.filter            max30102.o
    0x080031d4   0x080031d4   0x00000244   Code   RO          196    i.main              main.o
    0x08003418   0x08003418   0x00000008   Code   RO           23    i.max               oled.o
    0x08003420   0x08003420   0x00000044   Code   RO          395    i.max30102_OFF      max30102.o
    0x08003464   0x08003464   0x00000170   Code   RO          397    i.max30102_cal      max30102.o
    0x080035d4   0x080035d4   0x0000000c   Code   RO          398    i.max30102_getDiff  max30102.o
    0x080035e0   0x080035e0   0x00000078   Code   RO          399    i.max30102_getFIFO  max30102.o
    0x08003658   0x08003658   0x0000000c   Code   RO          400    i.max30102_getHeartRate  max30102.o
    0x08003664   0x08003664   0x0000000c   Code   RO          401    i.max30102_getSpO2  max30102.o
    0x08003670   0x08003670   0x00000048   Code   RO          402    i.max30102_getStatus  max30102.o
    0x080036b8   0x080036b8   0x00000050   Code   RO          403    i.max30102_getUnreadSampleCount  max30102.o
    0x08003708   0x08003708   0x00000108   Code   RO          404    i.max30102_init     max30102.o
    0x08003810   0x08003810   0x00000008   Code   RO           24    i.min               oled.o
    0x08003818   0x08003818   0x00000038   Code   RO          197    i.shutdown          main.o
    0x08003850   0x08003850   0x00000062   Code   RO         2406    x$fpl$d2f           fz_ws.l(d2f.o)
    0x080038b2   0x080038b2   0x00000002   PAD
    0x080038b4   0x080038b4   0x00000150   Code   RO         2408    x$fpl$dadd          fz_ws.l(daddsub_clz.o)
    0x08003a04   0x08003a04   0x00000010   Code   RO         2464    x$fpl$dcheck1       fz_ws.l(dcheck1.o)
    0x08003a14   0x08003a14   0x000002b0   Code   RO         2415    x$fpl$ddiv          fz_ws.l(ddiv.o)
    0x08003cc4   0x08003cc4   0x0000005a   Code   RO         2418    x$fpl$dfixu         fz_ws.l(dfixu.o)
    0x08003d1e   0x08003d1e   0x00000026   Code   RO         2422    x$fpl$dfltu         fz_ws.l(dflt_clz.o)
    0x08003d44   0x08003d44   0x00000154   Code   RO         2428    x$fpl$dmul          fz_ws.l(dmul.o)
    0x08003e98   0x08003e98   0x0000009c   Code   RO         2466    x$fpl$dnaninf       fz_ws.l(dnaninf.o)
    0x08003f34   0x08003f34   0x0000000c   Code   RO         2468    x$fpl$dretinf       fz_ws.l(dretinf.o)
    0x08003f40   0x08003f40   0x00000016   Code   RO         2409    x$fpl$drsb          fz_ws.l(daddsub_clz.o)
    0x08003f56   0x08003f56   0x00000002   PAD
    0x08003f58   0x08003f58   0x000001d4   Code   RO         2410    x$fpl$dsub          fz_ws.l(daddsub_clz.o)
    0x0800412c   0x0800412c   0x00000056   Code   RO         2430    x$fpl$f2d           fz_ws.l(f2d.o)
    0x08004182   0x08004182   0x00000002   PAD
    0x08004184   0x08004184   0x000000c4   Code   RO         2432    x$fpl$fadd          fz_ws.l(faddsub_clz.o)
    0x08004248   0x08004248   0x00000184   Code   RO         2439    x$fpl$fdiv          fz_ws.l(fdiv.o)
    0x080043cc   0x080043cc   0x0000003e   Code   RO         2442    x$fpl$ffixu         fz_ws.l(ffixu.o)
    0x0800440a   0x0800440a   0x00000002   PAD
    0x0800440c   0x0800440c   0x00000030   Code   RO         2447    x$fpl$fflt          fz_ws.l(fflt_clz.o)
    0x0800443c   0x0800443c   0x00000026   Code   RO         2446    x$fpl$ffltu         fz_ws.l(fflt_clz.o)
    0x08004462   0x08004462   0x00000002   PAD
    0x08004464   0x08004464   0x00000102   Code   RO         2452    x$fpl$fmul          fz_ws.l(fmul.o)
    0x08004566   0x08004566   0x0000008c   Code   RO         2470    x$fpl$fnaninf       fz_ws.l(fnaninf.o)
    0x080045f2   0x080045f2   0x0000000a   Code   RO         2472    x$fpl$fretinf       fz_ws.l(fretinf.o)
    0x080045fc   0x080045fc   0x00000014   Code   RO         2433    x$fpl$frsb          fz_ws.l(faddsub_clz.o)
    0x08004610   0x08004610   0x000000ea   Code   RO         2434    x$fpl$fsub          fz_ws.l(faddsub_clz.o)
    0x080046fa   0x080046fa   0x00000064   Code   RO         2492    x$fpl$retnan        fz_ws.l(retnan.o)
    0x0800475e   0x0800475e   0x0000005c   Code   RO         2454    x$fpl$scalbn        fz_ws.l(scalbn.o)
    0x080047ba   0x080047ba   0x00000030   Code   RO         2504    x$fpl$trapveneer    fz_ws.l(trapv.o)
    0x080047ea   0x080047ea   0x00000000   Code   RO         2474    x$fpl$usenofp       fz_ws.l(usenofp.o)
    0x080047ea   0x080047ea   0x0000027a   Data   RO           26    .constdata          oled.o
    0x08004a64   0x08004a64   0x00000010   Data   RO         2331    .constdata          system_stm32f1xx.o
    0x08004a74   0x08004a74   0x00000008   Data   RO         2332    .constdata          system_stm32f1xx.o
    0x08004a7c   0x08004a7c   0x00000020   Data   RO         2635    Region$$Table       anon$$obj.o


    Execution Region RW_IRAM1 (Exec base: 0x20000000, Load base: 0x08004a9c, Size: 0x00000d20, Max: 0x00005000, ABSOLUTE)

    Exec Addr    Load Addr    Size         Type   Attr      Idx    E Section Name        Object

    0x20000000   0x08004a9c   0x00000007   Data   RW           27    .data               oled.o
    0x20000007   0x08004aa3   0x00000001   PAD
    0x20000008   0x08004aa4   0x00000008   Data   RW          199    .data               main.o
    0x20000010   0x08004aac   0x00000018   Data   RW          406    .data               max30102.o
    0x20000028   0x08004ac4   0x0000000c   Data   RW          986    .data               stm32f1xx_hal.o
    0x20000034   0x08004ad0   0x00000004   Data   RW         2333    .data               system_stm32f1xx.o
    0x20000038        -       0x00000400   Zero   RW           25    .bss                oled.o
    0x20000438        -       0x000000ec   Zero   RW          198    .bss                main.o
    0x20000524        -       0x0000019c   Zero   RW          405    .bss                max30102.o
    0x200006c0        -       0x00000060   Zero   RW         2507    .bss                c_w.l(libspace.o)
    0x20000720        -       0x00000200   Zero   RW            2    HEAP                startup_stm32f103xb.o
    0x20000920        -       0x00000400   Zero   RW            1    STACK               startup_stm32f103xb.o


==============================================================================

Image component sizes


      Code (inc. data)   RO Data    RW Data    ZI Data      Debug   Object Name

       870         68          0          8        236       4613   main.o
      1204        104          0         24        412       9401   max30102.o
      1252        108        634          7       1024     410402   oled.o
        64         26        236          0       1536        852   startup_stm32f103xb.o
       164         28          0         12          0       6233   stm32f1xx_hal.o
       198         14          0          0          0      29163   stm32f1xx_hal_cortex.o
       228          4          0          0          0       2498   stm32f1xx_hal_dma.o
       480         34          0          0          0       3643   stm32f1xx_hal_gpio.o
      5394         96          0          0          0      32271   stm32f1xx_hal_i2c.o
       356         36          0          0          0       2523   stm32f1xx_hal_msp.o
        88         20          0          0          0       1752   stm32f1xx_hal_pwr.o
      1276        100          0          0          0       5600   stm32f1xx_hal_rcc.o
      1530         10          0          0          0      11599   stm32f1xx_hal_uart.o
        56         18          0          0          0       5584   stm32f1xx_it.o
         2          0         24          4          0       1219   system_stm32f1xx.o

    ----------------------------------------------------------------------
     13186        666        926         56       3208     527353   Object Totals
         0          0         32          0          0          0   (incl. Generated)
        24          0          0          1          0          0   (incl. Padding)

    ----------------------------------------------------------------------

      Code (inc. data)   RO Data    RW Data    ZI Data      Debug   Library Member Name

         8          0          0          0          0         68   __main.o
       104          0          0          0          0         84   __printf.o
         0          0          0          0          0          0   __rtentry.o
        12          0          0          0          0          0   __rtentry2.o
         6          0          0          0          0          0   __rtentry4.o
        52          8          0          0          0          0   __scatter.o
        26          0          0          0          0          0   __scatter_copy.o
        28          0          0          0          0          0   __scatter_zi.o
        48          6          0          0          0         96   _printf_char_common.o
       120         16          0          0          0         92   _printf_dec.o
       178          0          0          0          0         88   _printf_intcommon.o
         0          0          0          0          0          0   _printf_percent.o
         4          0          0          0          0          0   _printf_percent_end.o
         6          0          0          0          0          0   _printf_u.o
        10          0          0          0          0         68   _sputc.o
        18          0          0          0          0         80   exit.o
         6          0          0          0          0        152   heapauxi.o
         0          0          0          0          0          0   indicate_semi.o
         2          0          0          0          0          0   libinit.o
         2          0          0          0          0          0   libinit2.o
         2          0          0          0          0          0   libshutdown.o
         2          0          0          0          0          0   libshutdown2.o
         8          4          0          0         96         68   libspace.o
        40          6          0          0          0         84   noretval__2sprintf.o
        78          0          0          0          0         80   rt_memclr_w.o
         2          0          0          0          0          0   rtexit.o
        10          0          0          0          0          0   rtexit2.o
       128          0          0          0          0         68   strcmpv7m.o
        12          4          0          0          0         68   sys_exit.o
        74          0          0          0          0         80   sys_stackheap_outer.o
         2          0          0          0          0         68   use_no_semi.o
        98          4          0          0          0         92   d2f.o
       826         16          0          0          0        348   daddsub_clz.o
        16          4          0          0          0         68   dcheck1.o
       688        140          0          0          0        208   ddiv.o
        90          4          0          0          0         92   dfixu.o
        38          0          0          0          0         68   dflt_clz.o
       340         12          0          0          0        104   dmul.o
       156          4          0          0          0         92   dnaninf.o
        12          0          0          0          0         68   dretinf.o
        86          4          0          0          0         84   f2d.o
       450          8          0          0          0        236   faddsub_clz.o
       388         76          0          0          0         96   fdiv.o
        62          4          0          0          0         84   ffixu.o
        86          0          0          0          0        136   fflt_clz.o
       258          4          0          0          0         84   fmul.o
       140          4          0          0          0         84   fnaninf.o
        10          0          0          0          0         68   fretinf.o
       100          0          0          0          0         68   retnan.o
        92          0          0          0          0         68   scalbn.o
        48          0          0          0          0         68   trapv.o
         0          0          0          0          0          0   usenofp.o

    ----------------------------------------------------------------------
      4988        328          0          0         96       3460   Library Totals
        16          0          0          0          0          0   (incl. Padding)

    ----------------------------------------------------------------------

      Code (inc. data)   RO Data    RW Data    ZI Data      Debug   Library Name

       988         44          0          0         96       1244   c_w.l
      3984        284          0          0          0       2216   fz_ws.l

    ----------------------------------------------------------------------
      4988        328          0          0         96       3460   Library Totals

    ----------------------------------------------------------------------

==============================================================================


      Code (inc. data)   RO Data    RW Data    ZI Data      Debug   

     18174        994        926         56       3304     523373   Grand Totals
     18174        994        926         56       3304     523373   ELF Image Totals
     18174        994        926         56          0          0   ROM Totals

==============================================================================

    Total RO  Size (Code + RO Data)                19100 (  18.65kB)
    Total RW  Size (RW Data + ZI Data)              3360 (   3.28kB)
    Total ROM Size (Code + RO Data + RW Data)      19156 (  18.71kB)

==============================================================================

